Archive member included to satisfy reference by file (symbol)

d:/programs/atollic/truestudio for stm32 9.3.0/armtools/bin/../lib/gcc/arm-atollic-eabi/6.3.1/../../../../arm-atollic-eabi/lib/armv7-m\libc_nano.a(lib_a-errno.o)
                              src\syscalls.o (__errno)
d:/programs/atollic/truestudio for stm32 9.3.0/armtools/bin/../lib/gcc/arm-atollic-eabi/6.3.1/../../../../arm-atollic-eabi/lib/armv7-m\libc_nano.a(lib_a-impure.o)
                              d:/programs/atollic/truestudio for stm32 9.3.0/armtools/bin/../lib/gcc/arm-atollic-eabi/6.3.1/../../../../arm-atollic-eabi/lib/armv7-m\libc_nano.a(lib_a-errno.o) (_impure_ptr)
d:/programs/atollic/truestudio for stm32 9.3.0/armtools/bin/../lib/gcc/arm-atollic-eabi/6.3.1/../../../../arm-atollic-eabi/lib/armv7-m\libc_nano.a(lib_a-init.o)
                              startup\startup_stm32f103xb.o (__libc_init_array)
d:/programs/atollic/truestudio for stm32 9.3.0/armtools/bin/../lib/gcc/arm-atollic-eabi/6.3.1/../../../../arm-atollic-eabi/lib/armv7-m\libc_nano.a(lib_a-itoa.o)
                              src\main.o (itoa)
d:/programs/atollic/truestudio for stm32 9.3.0/armtools/bin/../lib/gcc/arm-atollic-eabi/6.3.1/../../../../arm-atollic-eabi/lib/armv7-m\libc_nano.a(lib_a-strlen.o)
                              src\main.o (strlen)
d:/programs/atollic/truestudio for stm32 9.3.0/armtools/bin/../lib/gcc/arm-atollic-eabi/6.3.1/../../../../arm-atollic-eabi/lib/armv7-m\libc_nano.a(lib_a-utoa.o)
                              d:/programs/atollic/truestudio for stm32 9.3.0/armtools/bin/../lib/gcc/arm-atollic-eabi/6.3.1/../../../../arm-atollic-eabi/lib/armv7-m\libc_nano.a(lib_a-itoa.o) (__utoa)

Allocating common symbols
Common symbol       size              file

uwTick              0x4               HAL_Driver\Src\stm32f1xx_hal.o
pFlash              0x20              HAL_Driver\Src\stm32f1xx_hal_flash.o
uart                0x40              src\main.o

Discarded input sections

 .text          0x00000000        0x0 d:/programs/atollic/truestudio for stm32 9.3.0/armtools/bin/../lib/gcc/arm-atollic-eabi/6.3.1/armv7-m/crti.o
 .data          0x00000000        0x0 d:/programs/atollic/truestudio for stm32 9.3.0/armtools/bin/../lib/gcc/arm-atollic-eabi/6.3.1/armv7-m/crti.o
 .bss           0x00000000        0x0 d:/programs/atollic/truestudio for stm32 9.3.0/armtools/bin/../lib/gcc/arm-atollic-eabi/6.3.1/armv7-m/crti.o
 .data          0x00000000        0x4 d:/programs/atollic/truestudio for stm32 9.3.0/armtools/bin/../lib/gcc/arm-atollic-eabi/6.3.1/armv7-m/crtbegin.o
 .group         0x00000000        0x8 HAL_Driver\Src\stm32f1xx_hal.o
 .group         0x00000000        0x8 HAL_Driver\Src\stm32f1xx_hal.o
 .group         0x00000000        0x8 HAL_Driver\Src\stm32f1xx_hal.o
 .group         0x00000000        0x8 HAL_Driver\Src\stm32f1xx_hal.o
 .group         0x00000000        0x8 HAL_Driver\Src\stm32f1xx_hal.o
 .group         0x00000000        0x8 HAL_Driver\Src\stm32f1xx_hal.o
 .group         0x00000000        0x8 HAL_Driver\Src\stm32f1xx_hal.o
 .group         0x00000000        0x8 HAL_Driver\Src\stm32f1xx_hal.o
 .group         0x00000000        0x8 HAL_Driver\Src\stm32f1xx_hal.o
 .group         0x00000000        0x8 HAL_Driver\Src\stm32f1xx_hal.o
 .group         0x00000000        0x8 HAL_Driver\Src\stm32f1xx_hal.o
 .group         0x00000000        0x8 HAL_Driver\Src\stm32f1xx_hal.o
 .group         0x00000000        0x8 HAL_Driver\Src\stm32f1xx_hal.o
 .group         0x00000000        0x8 HAL_Driver\Src\stm32f1xx_hal.o
 .group         0x00000000        0x8 HAL_Driver\Src\stm32f1xx_hal.o
 .group         0x00000000        0x8 HAL_Driver\Src\stm32f1xx_hal.o
 .group         0x00000000        0x8 HAL_Driver\Src\stm32f1xx_hal.o
 .group         0x00000000        0x8 HAL_Driver\Src\stm32f1xx_hal.o
 .group         0x00000000        0x8 HAL_Driver\Src\stm32f1xx_hal.o
 .group         0x00000000        0x8 HAL_Driver\Src\stm32f1xx_hal.o
 .group         0x00000000        0x8 HAL_Driver\Src\stm32f1xx_hal.o
 .group         0x00000000        0x8 HAL_Driver\Src\stm32f1xx_hal.o
 .group         0x00000000        0x8 HAL_Driver\Src\stm32f1xx_hal.o
 .group         0x00000000        0x8 HAL_Driver\Src\stm32f1xx_hal.o
 .group         0x00000000        0x8 HAL_Driver\Src\stm32f1xx_hal.o
 .group         0x00000000        0x8 HAL_Driver\Src\stm32f1xx_hal.o
 .group         0x00000000        0x8 HAL_Driver\Src\stm32f1xx_hal.o
 .group         0x00000000        0x8 HAL_Driver\Src\stm32f1xx_hal.o
 .group         0x00000000        0x8 HAL_Driver\Src\stm32f1xx_hal.o
 .group         0x00000000        0x8 HAL_Driver\Src\stm32f1xx_hal.o
 .group         0x00000000        0x8 HAL_Driver\Src\stm32f1xx_hal.o
 .group         0x00000000        0x8 HAL_Driver\Src\stm32f1xx_hal.o
 .group         0x00000000        0x8 HAL_Driver\Src\stm32f1xx_hal.o
 .group         0x00000000        0x8 HAL_Driver\Src\stm32f1xx_hal.o
 .group         0x00000000        0x8 HAL_Driver\Src\stm32f1xx_hal.o
[...]
Memory Configuration

Name             Origin             Length             Attributes
FLASH            0x08000000         0x00020000         xr
RAM              0x20000000         0x00005000         xrw
*default*        0x00000000         0xffffffff

Linker script and memory map

LOAD d:/programs/atollic/truestudio for stm32 9.3.0/armtools/bin/../lib/gcc/arm-atollic-eabi/6.3.1/armv7-m/crti.o
LOAD d:/programs/atollic/truestudio for stm32 9.3.0/armtools/bin/../lib/gcc/arm-atollic-eabi/6.3.1/armv7-m/crtbegin.o
LOAD HAL_Driver\Src\stm32f1xx_hal.o
LOAD HAL_Driver\Src\stm32f1xx_hal_adc.o
LOAD HAL_Driver\Src\stm32f1xx_hal_adc_ex.o
LOAD HAL_Driver\Src\stm32f1xx_hal_cec.o
LOAD HAL_Driver\Src\stm32f1xx_hal_cortex.o
LOAD HAL_Driver\Src\stm32f1xx_hal_crc.o
LOAD HAL_Driver\Src\stm32f1xx_hal_dac.o
LOAD HAL_Driver\Src\stm32f1xx_hal_dac_ex.o
LOAD HAL_Driver\Src\stm32f1xx_hal_dma.o
LOAD HAL_Driver\Src\stm32f1xx_hal_eth.o
LOAD HAL_Driver\Src\stm32f1xx_hal_flash.o
LOAD HAL_Driver\Src\stm32f1xx_hal_flash_ex.o
LOAD HAL_Driver\Src\stm32f1xx_hal_gpio.o
LOAD HAL_Driver\Src\stm32f1xx_hal_gpio_ex.o
LOAD HAL_Driver\Src\stm32f1xx_hal_hcd.o
LOAD HAL_Driver\Src\stm32f1xx_hal_i2c.o
LOAD HAL_Driver\Src\stm32f1xx_hal_i2s.o
LOAD HAL_Driver\Src\stm32f1xx_hal_irda.o
LOAD HAL_Driver\Src\stm32f1xx_hal_iwdg.o
LOAD HAL_Driver\Src\stm32f1xx_hal_mmc.o
LOAD HAL_Driver\Src\stm32f1xx_hal_msp_template.o
LOAD HAL_Driver\Src\stm32f1xx_hal_nand.o
LOAD HAL_Driver\Src\stm32f1xx_hal_nor.o
LOAD HAL_Driver\Src\stm32f1xx_hal_pccard.o
LOAD HAL_Driver\Src\stm32f1xx_hal_pcd.o
LOAD HAL_Driver\Src\stm32f1xx_hal_pcd_ex.o
LOAD HAL_Driver\Src\stm32f1xx_hal_pwr.o
LOAD HAL_Driver\Src\stm32f1xx_hal_rcc.o
LOAD HAL_Driver\Src\stm32f1xx_hal_rcc_ex.o
LOAD HAL_Driver\Src\stm32f1xx_hal_rtc.o
LOAD HAL_Driver\Src\stm32f1xx_hal_rtc_ex.o
LOAD HAL_Driver\Src\stm32f1xx_hal_sd.o
LOAD HAL_Driver\Src\stm32f1xx_hal_smartcard.o
LOAD HAL_Driver\Src\stm32f1xx_hal_spi.o
LOAD HAL_Driver\Src\stm32f1xx_hal_spi_ex.o
LOAD HAL_Driver\Src\stm32f1xx_hal_sram.o
LOAD HAL_Driver\Src\stm32f1xx_hal_tim.o
LOAD HAL_Driver\Src\stm32f1xx_hal_tim_ex.o
LOAD HAL_Driver\Src\stm32f1xx_hal_uart.o
LOAD HAL_Driver\Src\stm32f1xx_hal_usart.o
LOAD HAL_Driver\Src\stm32f1xx_hal_wwdg.o
LOAD HAL_Driver\Src\stm32f1xx_ll_adc.o
LOAD HAL_Driver\Src\stm32f1xx_ll_crc.o
LOAD HAL_Driver\Src\stm32f1xx_ll_dac.o
LOAD HAL_Driver\Src\stm32f1xx_ll_dma.o
LOAD HAL_Driver\Src\stm32f1xx_ll_exti.o
LOAD HAL_Driver\Src\stm32f1xx_ll_fsmc.o
LOAD HAL_Driver\Src\stm32f1xx_ll_gpio.o
LOAD HAL_Driver\Src\stm32f1xx_ll_i2c.o
LOAD HAL_Driver\Src\stm32f1xx_ll_pwr.o
LOAD HAL_Driver\Src\stm32f1xx_ll_rcc.o
LOAD HAL_Driver\Src\stm32f1xx_ll_rtc.o
LOAD HAL_Driver\Src\stm32f1xx_ll_sdmmc.o
LOAD HAL_Driver\Src\stm32f1xx_ll_spi.o
LOAD HAL_Driver\Src\stm32f1xx_ll_tim.o
LOAD HAL_Driver\Src\stm32f1xx_ll_usart.o
LOAD HAL_Driver\Src\stm32f1xx_ll_usb.o
LOAD HAL_Driver\Src\stm32f1xx_ll_utils.o
LOAD src\main.o
LOAD src\stm32f1xx_it.o
LOAD src\syscalls.o
LOAD src\system_stm32f1xx.o
LOAD startup\startup_stm32f103xb.o
                0x00000080                malloc_getpagesize_P = 0x80
START GROUP
LOAD d:/programs/atollic/truestudio for stm32 9.3.0/armtools/bin/../lib/gcc/arm-atollic-eabi/6.3.1/../../../../arm-atollic-eabi/lib/armv7-m\libc_nano.a
LOAD d:/programs/atollic/truestudio for stm32 9.3.0/armtools/bin/../lib/gcc/arm-atollic-eabi/6.3.1/../../../../arm-atollic-eabi/lib/armv7-m\libm.a
END GROUP
START GROUP
LOAD d:/programs/atollic/truestudio for stm32 9.3.0/armtools/bin/../lib/gcc/arm-atollic-eabi/6.3.1/armv7-m\libgcc.a
LOAD d:/programs/atollic/truestudio for stm32 9.3.0/armtools/bin/../lib/gcc/arm-atollic-eabi/6.3.1/../../../../arm-atollic-eabi/lib/armv7-m\libc_nano.a
END GROUP
START GROUP
LOAD d:/programs/atollic/truestudio for stm32 9.3.0/armtools/bin/../lib/gcc/arm-atollic-eabi/6.3.1/armv7-m\libgcc.a
LOAD d:/programs/atollic/truestudio for stm32 9.3.0/armtools/bin/../lib/gcc/arm-atollic-eabi/6.3.1/../../../../arm-atollic-eabi/lib/armv7-m\libc_nano.a
LOAD d:/programs/atollic/truestudio for stm32 9.3.0/armtools/bin/../lib/gcc/arm-atollic-eabi/6.3.1/../../../../arm-atollic-eabi/lib/armv7-m\libnosys.a
END GROUP
START GROUP
LOAD d:/programs/atollic/truestudio for stm32 9.3.0/armtools/bin/../lib/gcc/arm-atollic-eabi/6.3.1/armv7-m\libgcc.a
LOAD d:/programs/atollic/truestudio for stm32 9.3.0/armtools/bin/../lib/gcc/arm-atollic-eabi/6.3.1/../../../../arm-atollic-eabi/lib/armv7-m\libc_nano.a
LOAD d:/programs/atollic/truestudio for stm32 9.3.0/armtools/bin/../lib/gcc/arm-atollic-eabi/6.3.1/../../../../arm-atollic-eabi/lib/armv7-m\libnosys.a
END GROUP
LOAD d:/programs/atollic/truestudio for stm32 9.3.0/armtools/bin/../lib/gcc/arm-atollic-eabi/6.3.1/armv7-m/crtend.o
LOAD d:/programs/atollic/truestudio for stm32 9.3.0/armtools/bin/../lib/gcc/arm-atollic-eabi/6.3.1/armv7-m/crtn.o
                0x20005000                _estack = 0x20005000
                0x00000200                _Min_Heap_Size = 0x200
                0x00000400                _Min_Stack_Size = 0x400

.isr_vector     0x08000000      0x10c
                0x08000000                . = ALIGN (0x4)
 *(.isr_vector)
 .isr_vector    0x08000000      0x10c startup\startup_stm32f103xb.o
                0x08000000                g_pfnVectors
                0x0800010c                . = ALIGN (0x4)

.text           0x0800010c      0xfb0
                0x0800010c                . = ALIGN (0x4)
 *(.text)
 .text          0x0800010c       0x40 d:/programs/atollic/truestudio for stm32 9.3.0/armtools/bin/../lib/gcc/arm-atollic-eabi/6.3.1/armv7-m/crtbegin.o
 .text          0x0800014c       0x10 d:/programs/atollic/truestudio for stm32 9.3.0/armtools/bin/../lib/gcc/arm-atollic-eabi/6.3.1/../../../../arm-atollic-eabi/lib/armv7-m\libc_nano.a(lib_a-strlen.o)
                0x0800014c                strlen
 *(.text*)
 .text.HAL_Init
                0x0800015c       0x2c HAL_Driver\Src\stm32f1xx_hal.o
                0x0800015c                HAL_Init
 .text.HAL_InitTick
                0x08000188       0x60 HAL_Driver\Src\stm32f1xx_hal.o
                0x08000188                HAL_InitTick
 .text.HAL_IncTick
                0x080001e8       0x24 HAL_Driver\Src\stm32f1xx_hal.o
                0x080001e8                HAL_IncTick
 .text.HAL_GetTick
                0x0800020c       0x14 HAL_Driver\Src\stm32f1xx_hal.o
                0x0800020c                HAL_GetTick
 .text.NVIC_SetPriorityGrouping
                0x08000220       0x48 HAL_Driver\Src\stm32f1xx_hal_cortex.o
 .text.NVIC_GetPriorityGrouping
                0x08000268       0x1c HAL_Driver\Src\stm32f1xx_hal_cortex.o
 .text.NVIC_SetPriority
                0x08000284       0x54 HAL_Driver\Src\stm32f1xx_hal_cortex.o
 .text.NVIC_EncodePriority
                0x080002d8       0x60 HAL_Driver\Src\stm32f1xx_hal_cortex.o
 .text.SysTick_Config
                0x08000338       0x44 HAL_Driver\Src\stm32f1xx_hal_cortex.o
 .text.HAL_NVIC_SetPriorityGrouping
                0x0800037c       0x16 HAL_Driver\Src\stm32f1xx_hal_cortex.o
                0x0800037c                HAL_NVIC_SetPriorityGrouping
 .text.HAL_NVIC_SetPriority
                0x08000392       0x38 HAL_Driver\Src\stm32f1xx_hal_cortex.o
                0x08000392                HAL_NVIC_SetPriority
 .text.HAL_SYSTICK_Config
                0x080003ca       0x18 HAL_Driver\Src\stm32f1xx_hal_cortex.o
                0x080003ca                HAL_SYSTICK_Config
 .text.HAL_SYSTICK_IRQHandler
                0x080003e2        0xc HAL_Driver\Src\stm32f1xx_hal_cortex.o
                0x080003e2                HAL_SYSTICK_IRQHandler
 .text.HAL_SYSTICK_Callback
                0x080003ee        0xc HAL_Driver\Src\stm32f1xx_hal_cortex.o
                0x080003ee                HAL_SYSTICK_Callback
 *fill*         0x080003fa        0x2 
 .text.HAL_GPIO_Init
                0x080003fc      0x2bc HAL_Driver\Src\stm32f1xx_hal_gpio.o
                0x080003fc                HAL_GPIO_Init
 .text.HAL_GPIO_WritePin
                0x080006b8       0x30 HAL_Driver\Src\stm32f1xx_hal_gpio.o
                0x080006b8                HAL_GPIO_WritePin
 .text.HAL_MspInit
                0x080006e8        0xc HAL_Driver\Src\stm32f1xx_hal_msp_template.o
                0x080006e8                HAL_MspInit
 .text.HAL_RCC_GetHCLKFreq
                0x080006f4       0x14 HAL_Driver\Src\stm32f1xx_hal_rcc.o
                0x080006f4                HAL_RCC_GetHCLKFreq
 .text.HAL_RCC_GetPCLK1Freq
                0x08000708       0x28 HAL_Driver\Src\stm32f1xx_hal_rcc.o
                0x08000708                HAL_RCC_GetPCLK1Freq
 .text.HAL_RCC_GetPCLK2Freq
                0x08000730       0x28 HAL_Driver\Src\stm32f1xx_hal_rcc.o
                0x08000730                HAL_RCC_GetPCLK2Freq
 .text.HAL_UART_Init
                0x08000758       0x9a HAL_Driver\Src\stm32f1xx_hal_uart.o
                0x08000758                HAL_UART_Init
 .text.HAL_UART_MspInit
                0x080007f2       0x12 HAL_Driver\Src\stm32f1xx_hal_uart.o
                0x080007f2                HAL_UART_MspInit
 .text.HAL_UART_Transmit
                0x08000804      0x130 HAL_Driver\Src\stm32f1xx_hal_uart.o
                0x08000804                HAL_UART_Transmit
 .text.HAL_UART_Receive
                0x08000934      0x14c HAL_Driver\Src\stm32f1xx_hal_uart.o
                0x08000934                HAL_UART_Receive
 .text.UART_WaitOnFlagUntilTimeout
                0x08000a80       0x94 HAL_Driver\Src\stm32f1xx_hal_uart.o
 .text.UART_SetConfig
                0x08000b14      0x230 HAL_Driver\Src\stm32f1xx_hal_uart.o
 .text.clock_init
                0x08000d44       0x44 src\main.o
                0x08000d44                clock_init
 .text.rxtx_init
                0x08000d88       0x44 src\main.o
                0x08000d88                rxtx_init
 .text.usart_init
                0x08000dcc       0x48 src\main.o
                0x08000dcc                usart_init
 .text.send_string
                0x08000e14       0x2c src\main.o
                0x08000e14                send_string
 .text.main     0x08000e40       0xa4 src\main.o
                0x08000e40                main
 .text.SysTick_Handler
                0x08000ee4       0x10 src\stm32f1xx_it.o
                0x08000ee4                SysTick_Handler
 .text.SystemInit
                0x08000ef4       0x68 src\system_stm32f1xx.o
                0x08000ef4                SystemInit
 .text.Reset_Handler
                0x08000f5c       0x48 startup\startup_stm32f103xb.o
                0x08000f5c                Reset_Handler
 .text.Default_Handler
                0x08000fa4        0x2 startup\startup_stm32f103xb.o
                0x08000fa4                RTC_Alarm_IRQHandler
                0x08000fa4                EXTI2_IRQHandler
                0x08000fa4                DebugMon_Handler
                0x08000fa4                TIM1_CC_IRQHandler
                0x08000fa4                HardFault_Handler
                0x08000fa4                PVD_IRQHandler
                0x08000fa4                PendSV_Handler
                0x08000fa4                NMI_Handler
                0x08000fa4                EXTI3_IRQHandler
                0x08000fa4                EXTI0_IRQHandler
                0x08000fa4                I2C2_EV_IRQHandler
                0x08000fa4                UsageFault_Handler
                0x08000fa4                ADC1_2_IRQHandler
                0x08000fa4                SPI1_IRQHandler
                0x08000fa4                TAMPER_IRQHandler
                0x08000fa4                DMA1_Channel4_IRQHandler
                0x08000fa4                USART3_IRQHandler
                0x08000fa4                RTC_IRQHandler
                0x08000fa4                DMA1_Channel7_IRQHandler
                0x08000fa4                CAN1_RX1_IRQHandler
                0x08000fa4                TIM4_IRQHandler
                0x08000fa4                I2C1_EV_IRQHandler
                0x08000fa4                DMA1_Channel6_IRQHandler
                0x08000fa4                TIM3_IRQHandler
                0x08000fa4                RCC_IRQHandler
                0x08000fa4                TIM1_TRG_COM_IRQHandler
                0x08000fa4                DMA1_Channel1_IRQHandler
                0x08000fa4                Default_Handler
                0x08000fa4                EXTI15_10_IRQHandler
                0x08000fa4                EXTI9_5_IRQHandler
                0x08000fa4                SPI2_IRQHandler
                0x08000fa4                MemManage_Handler
                0x08000fa4                SVC_Handler
                0x08000fa4                DMA1_Channel5_IRQHandler
                0x08000fa4                EXTI4_IRQHandler
                0x08000fa4                USB_LP_CAN1_RX0_IRQHandler
                0x08000fa4                USB_HP_CAN1_TX_IRQHandler
                0x08000fa4                DMA1_Channel3_IRQHandler
                0x08000fa4                TIM1_UP_IRQHandler
                0x08000fa4                WWDG_IRQHandler
                0x08000fa4                TIM2_IRQHandler
                0x08000fa4                TIM1_BRK_IRQHandler
                0x08000fa4                EXTI1_IRQHandler
                0x08000fa4                USART2_IRQHandler
                0x08000fa4                I2C2_ER_IRQHandler
                0x08000fa4                DMA1_Channel2_IRQHandler
                0x08000fa4                CAN1_SCE_IRQHandler
                0x08000fa4                FLASH_IRQHandler
                0x08000fa4                BusFault_Handler
                0x08000fa4                USART1_IRQHandler
                0x08000fa4                I2C1_ER_IRQHandler
                0x08000fa4                USBWakeUp_IRQHandler
 *fill*         0x08000fa6        0x2 
 .text.__libc_init_array
                0x08000fa8       0x48 d:/programs/atollic/truestudio for stm32 9.3.0/armtools/bin/../lib/gcc/arm-atollic-eabi/6.3.1/../../../../arm-atollic-eabi/lib/armv7-m\libc_nano.a(lib_a-init.o)
                0x08000fa8                __libc_init_array
 .text.__itoa   0x08000ff0       0x30 d:/programs/atollic/truestudio for stm32 9.3.0/armtools/bin/../lib/gcc/arm-atollic-eabi/6.3.1/../../../../arm-atollic-eabi/lib/armv7-m\libc_nano.a(lib_a-itoa.o)
                0x08000ff0                __itoa
 .text.itoa     0x08001020        0x4 d:/programs/atollic/truestudio for stm32 9.3.0/armtools/bin/../lib/gcc/arm-atollic-eabi/6.3.1/../../../../arm-atollic-eabi/lib/armv7-m\libc_nano.a(lib_a-itoa.o)
                0x08001020                itoa
 .text.__utoa   0x08001024       0x80 d:/programs/atollic/truestudio for stm32 9.3.0/armtools/bin/../lib/gcc/arm-atollic-eabi/6.3.1/../../../../arm-atollic-eabi/lib/armv7-m\libc_nano.a(lib_a-utoa.o)
                0x08001024                __utoa
 *(.glue_7)
 .glue_7        0x080010a4        0x0 linker stubs
 *(.glue_7t)
 .glue_7t       0x080010a4        0x0 linker stubs
 *(.eh_frame)
 .eh_frame      0x080010a4        0x0 d:/programs/atollic/truestudio for stm32 9.3.0/armtools/bin/../lib/gcc/arm-atollic-eabi/6.3.1/armv7-m/crtbegin.o
 *(.init)
 .init          0x080010a4        0x4 d:/programs/atollic/truestudio for stm32 9.3.0/armtools/bin/../lib/gcc/arm-atollic-eabi/6.3.1/armv7-m/crti.o
                0x080010a4                _init
 .init          0x080010a8        0x8 d:/programs/atollic/truestudio for stm32 9.3.0/armtools/bin/../lib/gcc/arm-atollic-eabi/6.3.1/armv7-m/crtn.o
 *(.fini)
 .fini          0x080010b0        0x4 d:/programs/atollic/truestudio for stm32 9.3.0/armtools/bin/../lib/gcc/arm-atollic-eabi/6.3.1/armv7-m/crti.o
                0x080010b0                _fini
 .fini          0x080010b4        0x8 d:/programs/atollic/truestudio for stm32 9.3.0/armtools/bin/../lib/gcc/arm-atollic-eabi/6.3.1/armv7-m/crtn.o
                0x080010bc                . = ALIGN (0x4)
                0x080010bc                _etext = .

.vfp11_veneer   0x080010bc        0x0
 .vfp11_veneer  0x080010bc        0x0 linker stubs

.v4_bx          0x080010bc        0x0
 .v4_bx         0x080010bc        0x0 linker stubs

.iplt           0x080010bc        0x0
 .iplt          0x080010bc        0x0 d:/programs/atollic/truestudio for stm32 9.3.0/armtools/bin/../lib/gcc/arm-atollic-eabi/6.3.1/armv7-m/crtbegin.o

.rodata         0x080010bc       0x40
                0x080010bc                . = ALIGN (0x4)
 *(.rodata)
 .rodata        0x080010bc       0x18 src\system_stm32f1xx.o
                0x080010bc                AHBPrescTable
                0x080010cc                APBPrescTable
 *(.rodata*)
 .rodata.__utoa.str1.1
                0x080010d4       0x25 d:/programs/atollic/truestudio for stm32 9.3.0/armtools/bin/../lib/gcc/arm-atollic-eabi/6.3.1/../../../../arm-atollic-eabi/lib/armv7-m\libc_nano.a(lib_a-utoa.o)
                0x080010fc                . = ALIGN (0x4)
 *fill*         0x080010f9        0x3 

.rel.dyn        0x080010fc        0x0
 .rel.iplt      0x080010fc        0x0 d:/programs/atollic/truestudio for stm32 9.3.0/armtools/bin/../lib/gcc/arm-atollic-eabi/6.3.1/armv7-m/crtbegin.o

.ARM.extab
 *(.ARM.extab* .gnu.linkonce.armextab.*)

.ARM            0x080010fc        0x0
                0x080010fc                __exidx_start = .
 *(.ARM.exidx*)
                0x080010fc                __exidx_end = .

.preinit_array  0x080010fc        0x0
                0x080010fc                PROVIDE (__preinit_array_start, .)
 *(.preinit_array*)
                0x080010fc                PROVIDE (__preinit_array_end, .)

.init_array     0x080010fc        0x4
                0x080010fc                PROVIDE (__init_array_start, .)
 *(SORT(.init_array.*))
 *(.init_array*)
 .init_array    0x080010fc        0x4 d:/programs/atollic/truestudio for stm32 9.3.0/armtools/bin/../lib/gcc/arm-atollic-eabi/6.3.1/armv7-m/crtbegin.o
                0x08001100                PROVIDE (__init_array_end, .)

.fini_array     0x08001100        0x4
                [!provide]                PROVIDE (__fini_array_start, .)
 *(SORT(.fini_array.*))
 *(.fini_array*)
 .fini_array    0x08001100        0x4 d:/programs/atollic/truestudio for stm32 9.3.0/armtools/bin/../lib/gcc/arm-atollic-eabi/6.3.1/armv7-m/crtbegin.o
                [!provide]                PROVIDE (__fini_array_end, .)
                0x08001104                _sidata = LOADADDR (.data)

.data           0x20000000        0xc load address 0x08001104
                0x20000000                . = ALIGN (0x4)
                0x20000000                _sdata = .
 *(.data)
 .data          0x20000000        0x5 HAL_Driver\Src\stm32f1xx_hal.o
                0x20000000                uwTickPrio
                0x20000004                uwTickFreq
 *fill*         0x20000005        0x3 
 .data          0x20000008        0x4 src\system_stm32f1xx.o
                0x20000008                SystemCoreClock
 *(.data*)
                0x2000000c                . = ALIGN (0x4)
                0x2000000c                _edata = .

.igot.plt       0x2000000c        0x0 load address 0x08001110
 .igot.plt      0x2000000c        0x0 d:/programs/atollic/truestudio for stm32 9.3.0/armtools/bin/../lib/gcc/arm-atollic-eabi/6.3.1/armv7-m/crtbegin.o
                0x2000000c                . = ALIGN (0x4)

.bss            0x2000000c       0x60 load address 0x08001110
                0x2000000c                _sbss = .
                0x2000000c                __bss_start__ = _sbss
 *(.bss)
 .bss           0x2000000c       0x1c d:/programs/atollic/truestudio for stm32 9.3.0/armtools/bin/../lib/gcc/arm-atollic-eabi/6.3.1/armv7-m/crtbegin.o
 *(.bss*)
 *(COMMON)
 COMMON         0x20000028        0x4 HAL_Driver\Src\stm32f1xx_hal.o
                0x20000028                uwTick
 COMMON         0x2000002c       0x40 src\main.o
                0x2000002c                uart
                0x2000006c                . = ALIGN (0x4)
                0x2000006c                _ebss = .
                0x2000006c                __bss_end__ = _ebss

._user_heap_stack
                0x2000006c      0x604 load address 0x08001110
                0x20000070                . = ALIGN (0x8)
 *fill*         0x2000006c        0x4 
                0x20000070                PROVIDE (end, .)
                [!provide]                PROVIDE (_end, .)
                0x20000270                . = (. + _Min_Heap_Size)
 *fill*         0x20000070      0x200 
                0x20000670                . = (. + _Min_Stack_Size)
 *fill*         0x20000270      0x400 
                0x20000670                . = ALIGN (0x8)

/DISCARD/
 libc.a(*)
 libm.a(*)
 libgcc.a(*)

.ARM.attributes
                0x00000000       0x29
 *(.ARM.attributes)
 .ARM.attributes
                0x00000000       0x1d d:/programs/atollic/truestudio for stm32 9.3.0/armtools/bin/../lib/gcc/arm-atollic-eabi/6.3.1/armv7-m/crti.o
 .ARM.attributes
                0x0000001d       0x2d d:/programs/atollic/truestudio for stm32 9.3.0/armtools/bin/../lib/gcc/arm-atollic-eabi/6.3.1/armv7-m/crtbegin.o
 .ARM.attributes
                0x0000004a       0x33 HAL_Driver\Src\stm32f1xx_hal.o
 .ARM.attributes
                0x0000007d       0x33 HAL_Driver\Src\stm32f1xx_hal_cortex.o
 .ARM.attributes
                0x000000b0       0x33 HAL_Driver\Src\stm32f1xx_hal_gpio.o
 .ARM.attributes
                0x000000e3       0x33 HAL_Driver\Src\stm32f1xx_hal_msp_template.o
 .ARM.attributes
                0x00000116       0x33 HAL_Driver\Src\stm32f1xx_hal_rcc.o
 .ARM.attributes
                0x00000149       0x33 HAL_Driver\Src\stm32f1xx_hal_uart.o
 .ARM.attributes
                0x0000017c       0x33 src\main.o
 .ARM.attributes
                0x000001af       0x33 src\stm32f1xx_it.o
 .ARM.attributes
                0x000001e2       0x33 src\system_stm32f1xx.o
 .ARM.attributes
                0x00000215       0x21 startup\startup_stm32f103xb.o
 .ARM.attributes
                0x00000236       0x2d d:/programs/atollic/truestudio for stm32 9.3.0/armtools/bin/../lib/gcc/arm-atollic-eabi/6.3.1/../../../../arm-atollic-eabi/lib/armv7-m\libc_nano.a(lib_a-init.o)
 .ARM.attributes
                0x00000263       0x2d d:/programs/atollic/truestudio for stm32 9.3.0/armtools/bin/../lib/gcc/arm-atollic-eabi/6.3.1/../../../../arm-atollic-eabi/lib/armv7-m\libc_nano.a(lib_a-itoa.o)
 .ARM.attributes
                0x00000290       0x17 d:/programs/atollic/truestudio for stm32 9.3.0/armtools/bin/../lib/gcc/arm-atollic-eabi/6.3.1/../../../../arm-atollic-eabi/lib/armv7-m\libc_nano.a(lib_a-strlen.o)
 .ARM.attributes
                0x000002a7       0x2d d:/programs/atollic/truestudio for stm32 9.3.0/armtools/bin/../lib/gcc/arm-atollic-eabi/6.3.1/../../../../arm-atollic-eabi/lib/armv7-m\libc_nano.a(lib_a-utoa.o)
 .ARM.attributes
                0x000002d4       0x1d d:/programs/atollic/truestudio for stm32 9.3.0/armtools/bin/../lib/gcc/arm-atollic-eabi/6.3.1/armv7-m/crtn.o
OUTPUT(Bluetooth.elf elf32-littlearm)

.debug_info     0x00000000     0x8b3c
 .debug_info    0x00000000      0xefe HAL_Driver\Src\stm32f1xx_hal.o
 .debug_info    0x00000efe     0x134d HAL_Driver\Src\stm32f1xx_hal_cortex.o
 .debug_info    0x0000224b      0xeb0 HAL_Driver\Src\stm32f1xx_hal_gpio.o
 .debug_info    0x000030fb      0x9bd HAL_Driver\Src\stm32f1xx_hal_msp_template.o
 .debug_info    0x00003ab8     0x102c HAL_Driver\Src\stm32f1xx_hal_rcc.o
 .debug_info    0x00004ae4     0x19e1 HAL_Driver\Src\stm32f1xx_hal_uart.o
 .debug_info    0x000064c5     0x1021 src\main.o
 .debug_info    0x000074e6      0x98a src\stm32f1xx_it.o
 .debug_info    0x00007e70      0xc4e src\system_stm32f1xx.o
 .debug_info    0x00008abe       0x7e startup\startup_stm32f103xb.o

.debug_abbrev   0x00000000     0x15a8
 .debug_abbrev  0x00000000      0x2bb HAL_Driver\Src\stm32f1xx_hal.o
 .debug_abbrev  0x000002bb      0x36b HAL_Driver\Src\stm32f1xx_hal_cortex.o
 .debug_abbrev  0x00000626      0x24f HAL_Driver\Src\stm32f1xx_hal_gpio.o
 .debug_abbrev  0x00000875      0x193 HAL_Driver\Src\stm32f1xx_hal_msp_template.o
 .debug_abbrev  0x00000a08      0x2e9 HAL_Driver\Src\stm32f1xx_hal_rcc.o
 .debug_abbrev  0x00000cf1      0x2b1 HAL_Driver\Src\stm32f1xx_hal_uart.o
 .debug_abbrev  0x00000fa2      0x273 src\main.o
 .debug_abbrev  0x00001215      0x193 src\stm32f1xx_it.o
 .debug_abbrev  0x000013a8      0x1ee src\system_stm32f1xx.o
 .debug_abbrev  0x00001596       0x12 startup\startup_stm32f103xb.o

.debug_aranges  0x00000000      0x570
 .debug_aranges
                0x00000000       0xd0 HAL_Driver\Src\stm32f1xx_hal.o
 .debug_aranges
                0x000000d0      0x100 HAL_Driver\Src\stm32f1xx_hal_cortex.o
 .debug_aranges
                0x000001d0       0x58 HAL_Driver\Src\stm32f1xx_hal_gpio.o
 .debug_aranges
                0x00000228       0x38 HAL_Driver\Src\stm32f1xx_hal_msp_template.o
 .debug_aranges
                0x00000260       0x90 HAL_Driver\Src\stm32f1xx_hal_rcc.o
 .debug_aranges
                0x000002f0      0x1d0 HAL_Driver\Src\stm32f1xx_hal_uart.o
 .debug_aranges
                0x000004c0       0x40 src\main.o
 .debug_aranges
                0x00000500       0x20 src\stm32f1xx_it.o
 .debug_aranges
                0x00000520       0x28 src\system_stm32f1xx.o
 .debug_aranges
                0x00000548       0x28 startup\startup_stm32f103xb.o

.debug_ranges   0x00000000      0x4d8
 .debug_ranges  0x00000000       0xc0 HAL_Driver\Src\stm32f1xx_hal.o
 .debug_ranges  0x000000c0       0xf0 HAL_Driver\Src\stm32f1xx_hal_cortex.o
 .debug_ranges  0x000001b0       0x48 HAL_Driver\Src\stm32f1xx_hal_gpio.o
 .debug_ranges  0x000001f8       0x28 HAL_Driver\Src\stm32f1xx_hal_msp_template.o
 .debug_ranges  0x00000220       0x80 HAL_Driver\Src\stm32f1xx_hal_rcc.o
 .debug_ranges  0x000002a0      0x1c0 HAL_Driver\Src\stm32f1xx_hal_uart.o
 .debug_ranges  0x00000460       0x30 src\main.o
 .debug_ranges  0x00000490       0x10 src\stm32f1xx_it.o
 .debug_ranges  0x000004a0       0x18 src\system_stm32f1xx.o
 .debug_ranges  0x000004b8       0x20 startup\startup_stm32f103xb.o

.debug_macro    0x00000000    0x17320
 .debug_macro   0x00000000      0x419 HAL_Driver\Src\stm32f1xx_hal.o
 .debug_macro   0x00000419      0x8c8 HAL_Driver\Src\stm32f1xx_hal.o
 .debug_macro   0x00000ce1      0x224 HAL_Driver\Src\stm32f1xx_hal.o
 .debug_macro   0x00000f05       0x28 HAL_Driver\Src\stm32f1xx_hal.o
 .debug_macro   0x00000f2d       0x22 HAL_Driver\Src\stm32f1xx_hal.o
 .debug_macro   0x00000f4f       0x22 HAL_Driver\Src\stm32f1xx_hal.o
 .debug_macro   0x00000f71       0x87 HAL_Driver\Src\stm32f1xx_hal.o
 .debug_macro   0x00000ff8       0x51 HAL_Driver\Src\stm32f1xx_hal.o
 .debug_macro   0x00001049       0xef HAL_Driver\Src\stm32f1xx_hal.o
 .debug_macro   0x00001138       0x6a HAL_Driver\Src\stm32f1xx_hal.o
 .debug_macro   0x000011a2      0x1df HAL_Driver\Src\stm32f1xx_hal.o
 .debug_macro   0x00001381       0x34 HAL_Driver\Src\stm32f1xx_hal.o
 .debug_macro   0x000013b5       0x34 HAL_Driver\Src\stm32f1xx_hal.o
 .debug_macro   0x000013e9      0xb8e HAL_Driver\Src\stm32f1xx_hal.o
 .debug_macro   0x00001f77     0xe911 HAL_Driver\Src\stm32f1xx_hal.o
 .debug_macro   0x00010888       0x43 HAL_Driver\Src\stm32f1xx_hal.o
 .debug_macro   0x000108cb       0x46 HAL_Driver\Src\stm32f1xx_hal.o
 .debug_macro   0x00010911       0x3c HAL_Driver\Src\stm32f1xx_hal.o
 .debug_macro   0x0001094d       0x9c HAL_Driver\Src\stm32f1xx_hal.o
 .debug_macro   0x000109e9       0x16 HAL_Driver\Src\stm32f1xx_hal.o
 .debug_macro   0x000109ff       0x97 HAL_Driver\Src\stm32f1xx_hal.o
 .debug_macro   0x00010a96      0x30d HAL_Driver\Src\stm32f1xx_hal.o
 .debug_macro   0x00010da3       0xfd HAL_Driver\Src\stm32f1xx_hal.o
 .debug_macro   0x00010ea0       0x10 HAL_Driver\Src\stm32f1xx_hal.o
 .debug_macro   0x00010eb0       0x52 HAL_Driver\Src\stm32f1xx_hal.o
 .debug_macro   0x00010f02       0x1f HAL_Driver\Src\stm32f1xx_hal.o
 .debug_macro   0x00010f21       0x43 HAL_Driver\Src\stm32f1xx_hal.o
 .debug_macro   0x00010f64       0x20 HAL_Driver\Src\stm32f1xx_hal.o
 .debug_macro   0x00010f84      0x1a3 HAL_Driver\Src\stm32f1xx_hal.o
 .debug_macro   0x00011127       0x10 HAL_Driver\Src\stm32f1xx_hal.o
 .debug_macro   0x00011137       0x1c HAL_Driver\Src\stm32f1xx_hal.o
 .debug_macro   0x00011153       0x52 HAL_Driver\Src\stm32f1xx_hal.o
 .debug_macro   0x000111a5       0x40 HAL_Driver\Src\stm32f1xx_hal.o
 .debug_macro   0x000111e5       0x10 HAL_Driver\Src\stm32f1xx_hal.o
 .debug_macro   0x000111f5       0x40 HAL_Driver\Src\stm32f1xx_hal.o
 .debug_macro   0x00011235       0xd7 HAL_Driver\Src\stm32f1xx_hal.o
 .debug_macro   0x0001130c       0x16 HAL_Driver\Src\stm32f1xx_hal.o
 .debug_macro   0x00011322      0x161 HAL_Driver\Src\stm32f1xx_hal.o
 .debug_macro   0x00011483       0x57 HAL_Driver\Src\stm32f1xx_hal.o
 .debug_macro   0x000114da      0x5c2 HAL_Driver\Src\stm32f1xx_hal.o
 .debug_macro   0x00011a9c      0x28a HAL_Driver\Src\stm32f1xx_hal.o
 .debug_macro   0x00011d26      0x1cb HAL_Driver\Src\stm32f1xx_hal.o
 .debug_macro   0x00011ef1      0x11e HAL_Driver\Src\stm32f1xx_hal.o
 .debug_macro   0x0001200f      0x1b3 HAL_Driver\Src\stm32f1xx_hal.o
 .debug_macro   0x000121c2       0x27 HAL_Driver\Src\stm32f1xx_hal.o
 .debug_macro   0x000121e9      0x1bc HAL_Driver\Src\stm32f1xx_hal.o
 .debug_macro   0x000123a5       0x34 HAL_Driver\Src\stm32f1xx_hal.o
 .debug_macro   0x000123d9       0x3c HAL_Driver\Src\stm32f1xx_hal.o
 .debug_macro   0x00012415      0x408 HAL_Driver\Src\stm32f1xx_hal.o
 .debug_macro   0x0001281d       0x57 HAL_Driver\Src\stm32f1xx_hal.o
 .debug_macro   0x00012874      0x46a HAL_Driver\Src\stm32f1xx_hal.o
 .debug_macro   0x00012cde      0x1b5 HAL_Driver\Src\stm32f1xx_hal.o
 .debug_macro   0x00012e93       0x22 HAL_Driver\Src\stm32f1xx_hal.o
 .debug_macro   0x00012eb5       0x8c HAL_Driver\Src\stm32f1xx_hal.o
 .debug_macro   0x00012f41      0x242 HAL_Driver\Src\stm32f1xx_hal.o
 .debug_macro   0x00013183      0x264 HAL_Driver\Src\stm32f1xx_hal.o
 .debug_macro   0x000133e7       0x79 HAL_Driver\Src\stm32f1xx_hal.o
 .debug_macro   0x00013460      0x143 HAL_Driver\Src\stm32f1xx_hal.o
 .debug_macro   0x000135a3      0x1ef HAL_Driver\Src\stm32f1xx_hal.o
 .debug_macro   0x00013792       0xf2 HAL_Driver\Src\stm32f1xx_hal.o
 .debug_macro   0x00013884      0x1f4 HAL_Driver\Src\stm32f1xx_hal.o
 .debug_macro   0x00013a78      0x853 HAL_Driver\Src\stm32f1xx_hal.o
 .debug_macro   0x000142cb       0x1f HAL_Driver\Src\stm32f1xx_hal.o
 .debug_macro   0x000142ea      0x26b HAL_Driver\Src\stm32f1xx_hal.o
 .debug_macro   0x00014555      0x217 HAL_Driver\Src\stm32f1xx_hal.o
 .debug_macro   0x0001476c      0x1a7 HAL_Driver\Src\stm32f1xx_hal.o
 .debug_macro   0x00014913      0x2cd HAL_Driver\Src\stm32f1xx_hal.o
 .debug_macro   0x00014be0       0x89 HAL_Driver\Src\stm32f1xx_hal.o
 .debug_macro   0x00014c69       0x50 HAL_Driver\Src\stm32f1xx_hal.o
 .debug_macro   0x00014cb9      0x26c HAL_Driver\Src\stm32f1xx_hal.o
 .debug_macro   0x00014f25       0x83 HAL_Driver\Src\stm32f1xx_hal.o
 .debug_macro   0x00014fa8      0x3f5 HAL_Driver\Src\stm32f1xx_hal_cortex.o
 .debug_macro   0x0001539d      0x465 HAL_Driver\Src\stm32f1xx_hal_gpio.o
 .debug_macro   0x00015802      0x3f5 HAL_Driver\Src\stm32f1xx_hal_msp_template.o
 .debug_macro   0x00015bf7      0x407 HAL_Driver\Src\stm32f1xx_hal_rcc.o
 .debug_macro   0x00015ffe      0x3f6 HAL_Driver\Src\stm32f1xx_hal_uart.o
 .debug_macro   0x000163f4      0x419 src\main.o
 .debug_macro   0x0001680d       0x40 src\main.o
 .debug_macro   0x0001684d       0x8d src\main.o
 .debug_macro   0x000168da      0x174 src\main.o
 .debug_macro   0x00016a4e       0x57 src\main.o
 .debug_macro   0x00016aa5       0x10 src\main.o
 .debug_macro   0x00016ab5       0x35 src\main.o
 .debug_macro   0x00016aea       0x20 src\main.o
 .debug_macro   0x00016b0a       0x1c src\main.o
 .debug_macro   0x00016b26      0x3ff src\stm32f1xx_it.o
 .debug_macro   0x00016f25      0x3fb src\system_stm32f1xx.o

.debug_line     0x00000000     0x62be
 .debug_line    0x00000000      0xa7d HAL_Driver\Src\stm32f1xx_hal.o
 .debug_line    0x00000a7d      0xb6c HAL_Driver\Src\stm32f1xx_hal_cortex.o
 .debug_line    0x000015e9      0xab5 HAL_Driver\Src\stm32f1xx_hal_gpio.o
 .debug_line    0x0000209e      0x90f HAL_Driver\Src\stm32f1xx_hal_msp_template.o
 .debug_line    0x000029ad      0xb67 HAL_Driver\Src\stm32f1xx_hal_rcc.o
 .debug_line    0x00003514     0x118e HAL_Driver\Src\stm32f1xx_hal_uart.o
 .debug_line    0x000046a2      0x98e src\main.o
 .debug_line    0x00005030      0x90c src\stm32f1xx_it.o
 .debug_line    0x0000593c      0x905 src\system_stm32f1xx.o
 .debug_line    0x00006241       0x7d startup\startup_stm32f103xb.o

.debug_str      0x00000000    0x8205d
 .debug_str     0x00000000    0x80c3a HAL_Driver\Src\stm32f1xx_hal.o
                              0x80fe1 (size before relaxing)
 .debug_str     0x00080c3a      0x314 HAL_Driver\Src\stm32f1xx_hal_cortex.o
                              0x80ff5 (size before relaxing)
 .debug_str     0x00080f4e      0x39e HAL_Driver\Src\stm32f1xx_hal_gpio.o
                              0x80d3c (size before relaxing)
 .debug_str     0x000812ec       0x51 HAL_Driver\Src\stm32f1xx_hal_msp_template.o
                              0x80958 (size before relaxing)
 .debug_str     0x0008133d      0x356 HAL_Driver\Src\stm32f1xx_hal_rcc.o
                              0x80d6a (size before relaxing)
 .debug_str     0x00081693      0x881 HAL_Driver\Src\stm32f1xx_hal_uart.o
                              0x81244 (size before relaxing)
 .debug_str     0x00081f14       0xb0 src\main.o
                              0x80dce (size before relaxing)
 .debug_str     0x00081fc4       0x38 src\stm32f1xx_it.o
                              0x80925 (size before relaxing)
 .debug_str     0x00081ffc       0x61 src\system_stm32f1xx.o
                              0x809f1 (size before relaxing)

.comment        0x00000000       0x7c
 .comment       0x00000000       0x7c HAL_Driver\Src\stm32f1xx_hal.o
                                 0x7d (size before relaxing)
 .comment       0x0000007c       0x7d HAL_Driver\Src\stm32f1xx_hal_cortex.o
 .comment       0x0000007c       0x7d HAL_Driver\Src\stm32f1xx_hal_gpio.o
 .comment       0x0000007c       0x7d HAL_Driver\Src\stm32f1xx_hal_msp_template.o
 .comment       0x0000007c       0x7d HAL_Driver\Src\stm32f1xx_hal_rcc.o
 .comment       0x0000007c       0x7d HAL_Driver\Src\stm32f1xx_hal_uart.o
 .comment       0x0000007c       0x7d src\main.o
 .comment       0x0000007c       0x7d src\stm32f1xx_it.o
 .comment       0x0000007c       0x7d src\system_stm32f1xx.o

.debug_frame    0x00000000     0x1544
 .debug_frame   0x00000000      0x2fc HAL_Driver\Src\stm32f1xx_hal.o
 .debug_frame   0x000002fc      0x428 HAL_Driver\Src\stm32f1xx_hal_cortex.o
 .debug_frame   0x00000724      0x14c HAL_Driver\Src\stm32f1xx_hal_gpio.o
 .debug_frame   0x00000870       0x90 HAL_Driver\Src\stm32f1xx_hal_msp_template.o
 .debug_frame   0x00000900      0x21c HAL_Driver\Src\stm32f1xx_hal_rcc.o
 .debug_frame   0x00000b1c      0x83c HAL_Driver\Src\stm32f1xx_hal_uart.o
 .debug_frame   0x00001358       0xbc src\main.o
 .debug_frame   0x00001414       0x2c src\stm32f1xx_it.o
 .debug_frame   0x00001440       0x58 src\system_stm32f1xx.o
 .debug_frame   0x00001498       0x2c d:/programs/atollic/truestudio for stm32 9.3.0/armtools/bin/../lib/gcc/arm-atollic-eabi/6.3.1/../../../../arm-atollic-eabi/lib/armv7-m\libc_nano.a(lib_a-init.o)
 .debug_frame   0x000014c4       0x38 d:/programs/atollic/truestudio for stm32 9.3.0/armtools/bin/../lib/gcc/arm-atollic-eabi/6.3.1/../../../../arm-atollic-eabi/lib/armv7-m\libc_nano.a(lib_a-itoa.o)
 .debug_frame   0x000014fc       0x48 d:/programs/atollic/truestudio for stm32 9.3.0/armtools/bin/../lib/gcc/arm-atollic-eabi/6.3.1/../../../../arm-atollic-eabi/lib/armv7-m\libc_nano.a(lib_a-utoa.o)

Cross Reference Table

Symbol                                            File
ADC1_2_IRQHandler                                 startup\startup_stm32f103xb.o
ADC_ConversionStop_Disable                        HAL_Driver\Src\stm32f1xx_hal_adc.o
                                                  HAL_Driver\Src\stm32f1xx_hal_adc_ex.o
ADC_DMAConvCplt                                   HAL_Driver\Src\stm32f1xx_hal_adc.o
                                                  HAL_Driver\Src\stm32f1xx_hal_adc_ex.o
ADC_DMAError                                      HAL_Driver\Src\stm32f1xx_hal_adc.o
                                                  HAL_Driver\Src\stm32f1xx_hal_adc_ex.o
ADC_DMAHalfConvCplt                               HAL_Driver\Src\stm32f1xx_hal_adc.o
                                                  HAL_Driver\Src\stm32f1xx_hal_adc_ex.o
ADC_Enable                                        HAL_Driver\Src\stm32f1xx_hal_adc.o
                                                  HAL_Driver\Src\stm32f1xx_hal_adc_ex.o
AHBPrescTable                                     src\system_stm32f1xx.o
                                                  HAL_Driver\Src\stm32f1xx_ll_utils.o
                                                  HAL_Driver\Src\stm32f1xx_hal_rcc.o
APBPrescTable                                     src\system_stm32f1xx.o
                                                  HAL_Driver\Src\stm32f1xx_hal_rcc.o
BusFault_Handler                                  startup\startup_stm32f103xb.o
CAN1_RX1_IRQHandler                               startup\startup_stm32f103xb.o
CAN1_SCE_IRQHandler                               startup\startup_stm32f103xb.o
DMA1_Channel1_IRQHandler                          startup\startup_stm32f103xb.o
DMA1_Channel2_IRQHandler                          startup\startup_stm32f103xb.o
DMA1_Channel3_IRQHandler                          startup\startup_stm32f103xb.o
DMA1_Channel4_IRQHandler                          startup\startup_stm32f103xb.o
DMA1_Channel5_IRQHandler                          startup\startup_stm32f103xb.o
DMA1_Channel6_IRQHandler                          startup\startup_stm32f103xb.o
DMA1_Channel7_IRQHandler                          startup\startup_stm32f103xb.o
DebugMon_Handler                                  startup\startup_stm32f103xb.o
Default_Handler                                   startup\startup_stm32f103xb.o
EXTI0_IRQHandler                                  startup\startup_stm32f103xb.o
EXTI15_10_IRQHandler                              startup\startup_stm32f103xb.o
EXTI1_IRQHandler                                  startup\startup_stm32f103xb.o
EXTI2_IRQHandler                                  startup\startup_stm32f103xb.o
EXTI3_IRQHandler                                  startup\startup_stm32f103xb.o
EXTI4_IRQHandler                                  startup\startup_stm32f103xb.o
EXTI9_5_IRQHandler                                startup\startup_stm32f103xb.o
FLASH_IRQHandler                                  startup\startup_stm32f103xb.o
FLASH_PageErase                                   HAL_Driver\Src\stm32f1xx_hal_flash_ex.o
                                                  HAL_Driver\Src\stm32f1xx_hal_flash.o
FLASH_WaitForLastOperation                        HAL_Driver\Src\stm32f1xx_hal_flash.o
                                                  HAL_Driver\Src\stm32f1xx_hal_flash_ex.o
HAL_ADCEx_Calibration_Start                       HAL_Driver\Src\stm32f1xx_hal_adc_ex.o
HAL_ADCEx_InjectedConfigChannel                   HAL_Driver\Src\stm32f1xx_hal_adc_ex.o
HAL_ADCEx_InjectedConvCpltCallback                HAL_Driver\Src\stm32f1xx_hal_adc_ex.o
                                                  HAL_Driver\Src\stm32f1xx_hal_adc.o
HAL_ADCEx_InjectedGetValue                        HAL_Driver\Src\stm32f1xx_hal_adc_ex.o
HAL_ADCEx_InjectedPollForConversion               HAL_Driver\Src\stm32f1xx_hal_adc_ex.o
HAL_ADCEx_InjectedStart                           HAL_Driver\Src\stm32f1xx_hal_adc_ex.o
HAL_ADCEx_InjectedStart_IT                        HAL_Driver\Src\stm32f1xx_hal_adc_ex.o
HAL_ADCEx_InjectedStop                            HAL_Driver\Src\stm32f1xx_hal_adc_ex.o
HAL_ADCEx_InjectedStop_IT                         HAL_Driver\Src\stm32f1xx_hal_adc_ex.o
HAL_ADCEx_MultiModeConfigChannel                  HAL_Driver\Src\stm32f1xx_hal_adc_ex.o
HAL_ADCEx_MultiModeGetValue                       HAL_Driver\Src\stm32f1xx_hal_adc_ex.o
HAL_ADCEx_MultiModeStart_DMA                      HAL_Driver\Src\stm32f1xx_hal_adc_ex.o
HAL_ADCEx_MultiModeStop_DMA                       HAL_Driver\Src\stm32f1xx_hal_adc_ex.o
HAL_ADC_AnalogWDGConfig                           HAL_Driver\Src\stm32f1xx_hal_adc.o
HAL_ADC_ConfigChannel                             HAL_Driver\Src\stm32f1xx_hal_adc.o
HAL_ADC_ConvCpltCallback                          HAL_Driver\Src\stm32f1xx_hal_adc.o
HAL_ADC_ConvHalfCpltCallback                      HAL_Driver\Src\stm32f1xx_hal_adc.o
HAL_ADC_DeInit                                    HAL_Driver\Src\stm32f1xx_hal_adc.o
HAL_ADC_ErrorCallback                             HAL_Driver\Src\stm32f1xx_hal_adc.o
HAL_ADC_GetError                                  HAL_Driver\Src\stm32f1xx_hal_adc.o
HAL_ADC_GetState                                  HAL_Driver\Src\stm32f1xx_hal_adc.o
HAL_ADC_GetValue                                  HAL_Driver\Src\stm32f1xx_hal_adc.o
HAL_ADC_IRQHandler                                HAL_Driver\Src\stm32f1xx_hal_adc.o
HAL_ADC_Init                                      HAL_Driver\Src\stm32f1xx_hal_adc.o
HAL_ADC_LevelOutOfWindowCallback                  HAL_Driver\Src\stm32f1xx_hal_adc.o
HAL_ADC_MspDeInit                                 HAL_Driver\Src\stm32f1xx_hal_adc.o
HAL_ADC_MspInit                                   HAL_Driver\Src\stm32f1xx_hal_adc.o
HAL_ADC_PollForConversion                         HAL_Driver\Src\stm32f1xx_hal_adc.o
HAL_ADC_PollForEvent                              HAL_Driver\Src\stm32f1xx_hal_adc.o
HAL_ADC_Start                                     HAL_Driver\Src\stm32f1xx_hal_adc.o
HAL_ADC_Start_DMA                                 HAL_Driver\Src\stm32f1xx_hal_adc.o
HAL_ADC_Start_IT                                  HAL_Driver\Src\stm32f1xx_hal_adc.o
HAL_ADC_Stop                                      HAL_Driver\Src\stm32f1xx_hal_adc.o
HAL_ADC_Stop_DMA                                  HAL_Driver\Src\stm32f1xx_hal_adc.o
HAL_ADC_Stop_IT                                   HAL_Driver\Src\stm32f1xx_hal_adc.o
HAL_CRC_Accumulate                                HAL_Driver\Src\stm32f1xx_hal_crc.o
HAL_CRC_Calculate                                 HAL_Driver\Src\stm32f1xx_hal_crc.o
HAL_CRC_DeInit                                    HAL_Driver\Src\stm32f1xx_hal_crc.o
HAL_CRC_GetState                                  HAL_Driver\Src\stm32f1xx_hal_crc.o
HAL_CRC_Init                                      HAL_Driver\Src\stm32f1xx_hal_crc.o
HAL_CRC_MspDeInit                                 HAL_Driver\Src\stm32f1xx_hal_crc.o
HAL_CRC_MspInit                                   HAL_Driver\Src\stm32f1xx_hal_crc.o
HAL_DBGMCU_DisableDBGSleepMode                    HAL_Driver\Src\stm32f1xx_hal.o
HAL_DBGMCU_DisableDBGStandbyMode                  HAL_Driver\Src\stm32f1xx_hal.o
HAL_DBGMCU_DisableDBGStopMode                     HAL_Driver\Src\stm32f1xx_hal.o
HAL_DBGMCU_EnableDBGSleepMode                     HAL_Driver\Src\stm32f1xx_hal.o
HAL_DBGMCU_EnableDBGStandbyMode                   HAL_Driver\Src\stm32f1xx_hal.o
HAL_DBGMCU_EnableDBGStopMode                      HAL_Driver\Src\stm32f1xx_hal.o
HAL_DMA_Abort                                     HAL_Driver\Src\stm32f1xx_hal_dma.o
                                                  HAL_Driver\Src\stm32f1xx_hal_usart.o
                                                  HAL_Driver\Src\stm32f1xx_hal_uart.o
                                                  HAL_Driver\Src\stm32f1xx_hal_tim.o
                                                  HAL_Driver\Src\stm32f1xx_hal_spi.o
                                                  HAL_Driver\Src\stm32f1xx_hal_smartcard.o
                                                  HAL_Driver\Src\stm32f1xx_hal_irda.o
                                                  HAL_Driver\Src\stm32f1xx_hal_adc_ex.o
                                                  HAL_Driver\Src\stm32f1xx_hal_adc.o
HAL_DMA_Abort_IT                                  HAL_Driver\Src\stm32f1xx_hal_dma.o
                                                  HAL_Driver\Src\stm32f1xx_hal_usart.o
                                                  HAL_Driver\Src\stm32f1xx_hal_uart.o
                                                  HAL_Driver\Src\stm32f1xx_hal_spi.o
                                                  HAL_Driver\Src\stm32f1xx_hal_smartcard.o
                                                  HAL_Driver\Src\stm32f1xx_hal_irda.o
                                                  HAL_Driver\Src\stm32f1xx_hal_i2c.o
HAL_DMA_DeInit                                    HAL_Driver\Src\stm32f1xx_hal_dma.o
HAL_DMA_GetError                                  HAL_Driver\Src\stm32f1xx_hal_dma.o
HAL_DMA_GetState                                  HAL_Driver\Src\stm32f1xx_hal_dma.o
HAL_DMA_IRQHandler                                HAL_Driver\Src\stm32f1xx_hal_dma.o
HAL_DMA_Init                                      HAL_Driver\Src\stm32f1xx_hal_dma.o
HAL_DMA_PollForTransfer                           HAL_Driver\Src\stm32f1xx_hal_dma.o
HAL_DMA_RegisterCallback                          HAL_Driver\Src\stm32f1xx_hal_dma.o
HAL_DMA_Start                                     HAL_Driver\Src\stm32f1xx_hal_dma.o
HAL_DMA_Start_IT                                  HAL_Driver\Src\stm32f1xx_hal_dma.o
                                                  HAL_Driver\Src\stm32f1xx_hal_usart.o
                                                  HAL_Driver\Src\stm32f1xx_hal_uart.o
                                                  HAL_Driver\Src\stm32f1xx_hal_tim_ex.o
                                                  HAL_Driver\Src\stm32f1xx_hal_tim.o
                                                  HAL_Driver\Src\stm32f1xx_hal_spi.o
                                                  HAL_Driver\Src\stm32f1xx_hal_smartcard.o
                                                  HAL_Driver\Src\stm32f1xx_hal_irda.o
                                                  HAL_Driver\Src\stm32f1xx_hal_i2c.o
                                                  HAL_Driver\Src\stm32f1xx_hal_adc_ex.o
                                                  HAL_Driver\Src\stm32f1xx_hal_adc.o
HAL_DMA_UnRegisterCallback                        HAL_Driver\Src\stm32f1xx_hal_dma.o
HAL_DeInit                                        HAL_Driver\Src\stm32f1xx_hal.o
HAL_Delay                                         HAL_Driver\Src\stm32f1xx_hal.o
HAL_FLASHEx_Erase                                 HAL_Driver\Src\stm32f1xx_hal_flash_ex.o
HAL_FLASHEx_Erase_IT                              HAL_Driver\Src\stm32f1xx_hal_flash_ex.o
HAL_FLASHEx_OBErase                               HAL_Driver\Src\stm32f1xx_hal_flash_ex.o
HAL_FLASHEx_OBGetConfig                           HAL_Driver\Src\stm32f1xx_hal_flash_ex.o
HAL_FLASHEx_OBGetUserData                         HAL_Driver\Src\stm32f1xx_hal_flash_ex.o
HAL_FLASHEx_OBProgram                             HAL_Driver\Src\stm32f1xx_hal_flash_ex.o
HAL_FLASH_EndOfOperationCallback                  HAL_Driver\Src\stm32f1xx_hal_flash.o
HAL_FLASH_GetError                                HAL_Driver\Src\stm32f1xx_hal_flash.o
HAL_FLASH_IRQHandler                              HAL_Driver\Src\stm32f1xx_hal_flash.o
HAL_FLASH_Lock                                    HAL_Driver\Src\stm32f1xx_hal_flash.o
HAL_FLASH_OB_Launch                               HAL_Driver\Src\stm32f1xx_hal_flash.o
HAL_FLASH_OB_Lock                                 HAL_Driver\Src\stm32f1xx_hal_flash.o
HAL_FLASH_OB_Unlock                               HAL_Driver\Src\stm32f1xx_hal_flash.o
HAL_FLASH_OperationErrorCallback                  HAL_Driver\Src\stm32f1xx_hal_flash.o
HAL_FLASH_Program                                 HAL_Driver\Src\stm32f1xx_hal_flash.o
HAL_FLASH_Program_IT                              HAL_Driver\Src\stm32f1xx_hal_flash.o
HAL_FLASH_Unlock                                  HAL_Driver\Src\stm32f1xx_hal_flash.o
HAL_GPIOEx_ConfigEventout                         HAL_Driver\Src\stm32f1xx_hal_gpio_ex.o
HAL_GPIOEx_DisableEventout                        HAL_Driver\Src\stm32f1xx_hal_gpio_ex.o
HAL_GPIOEx_EnableEventout                         HAL_Driver\Src\stm32f1xx_hal_gpio_ex.o
HAL_GPIO_DeInit                                   HAL_Driver\Src\stm32f1xx_hal_gpio.o
HAL_GPIO_EXTI_Callback                            HAL_Driver\Src\stm32f1xx_hal_gpio.o
HAL_GPIO_EXTI_IRQHandler                          HAL_Driver\Src\stm32f1xx_hal_gpio.o
HAL_GPIO_Init                                     HAL_Driver\Src\stm32f1xx_hal_gpio.o
                                                  src\main.o
                                                  HAL_Driver\Src\stm32f1xx_hal_rcc.o
HAL_GPIO_LockPin                                  HAL_Driver\Src\stm32f1xx_hal_gpio.o
HAL_GPIO_ReadPin                                  HAL_Driver\Src\stm32f1xx_hal_gpio.o
HAL_GPIO_TogglePin                                HAL_Driver\Src\stm32f1xx_hal_gpio.o
HAL_GPIO_WritePin                                 HAL_Driver\Src\stm32f1xx_hal_gpio.o
                                                  src\main.o
HAL_GetDEVID                                      HAL_Driver\Src\stm32f1xx_hal.o
HAL_GetHalVersion                                 HAL_Driver\Src\stm32f1xx_hal.o
HAL_GetREVID                                      HAL_Driver\Src\stm32f1xx_hal.o
HAL_GetTick                                       HAL_Driver\Src\stm32f1xx_hal.o
                                                  HAL_Driver\Src\stm32f1xx_hal_usart.o
                                                  HAL_Driver\Src\stm32f1xx_hal_uart.o
                                                  HAL_Driver\Src\stm32f1xx_hal_spi.o
                                                  HAL_Driver\Src\stm32f1xx_hal_smartcard.o
                                                  HAL_Driver\Src\stm32f1xx_hal_rtc_ex.o
                                                  HAL_Driver\Src\stm32f1xx_hal_rtc.o
                                                  HAL_Driver\Src\stm32f1xx_hal_rcc_ex.o
                                                  HAL_Driver\Src\stm32f1xx_hal_rcc.o
                                                  HAL_Driver\Src\stm32f1xx_hal_iwdg.o
                                                  HAL_Driver\Src\stm32f1xx_hal_irda.o
                                                  HAL_Driver\Src\stm32f1xx_hal_i2c.o
                                                  HAL_Driver\Src\stm32f1xx_hal_flash.o
                                                  HAL_Driver\Src\stm32f1xx_hal_dma.o
                                                  HAL_Driver\Src\stm32f1xx_hal_adc_ex.o
                                                  HAL_Driver\Src\stm32f1xx_hal_adc.o
HAL_GetTickFreq                                   HAL_Driver\Src\stm32f1xx_hal.o
HAL_GetTickPrio                                   HAL_Driver\Src\stm32f1xx_hal.o
HAL_GetUID                                        HAL_Driver\Src\stm32f1xx_hal.o
HAL_HalfDuplex_EnableReceiver                     HAL_Driver\Src\stm32f1xx_hal_uart.o
HAL_HalfDuplex_EnableTransmitter                  HAL_Driver\Src\stm32f1xx_hal_uart.o
HAL_HalfDuplex_Init                               HAL_Driver\Src\stm32f1xx_hal_uart.o
HAL_I2C_AbortCpltCallback                         HAL_Driver\Src\stm32f1xx_hal_i2c.o
HAL_I2C_AddrCallback                              HAL_Driver\Src\stm32f1xx_hal_i2c.o
HAL_I2C_DeInit                                    HAL_Driver\Src\stm32f1xx_hal_i2c.o
HAL_I2C_DisableListen_IT                          HAL_Driver\Src\stm32f1xx_hal_i2c.o
HAL_I2C_ER_IRQHandler                             HAL_Driver\Src\stm32f1xx_hal_i2c.o
HAL_I2C_EV_IRQHandler                             HAL_Driver\Src\stm32f1xx_hal_i2c.o
HAL_I2C_EnableListen_IT                           HAL_Driver\Src\stm32f1xx_hal_i2c.o
HAL_I2C_ErrorCallback                             HAL_Driver\Src\stm32f1xx_hal_i2c.o
HAL_I2C_GetError                                  HAL_Driver\Src\stm32f1xx_hal_i2c.o
HAL_I2C_GetMode                                   HAL_Driver\Src\stm32f1xx_hal_i2c.o
HAL_I2C_GetState                                  HAL_Driver\Src\stm32f1xx_hal_i2c.o
HAL_I2C_Init                                      HAL_Driver\Src\stm32f1xx_hal_i2c.o
HAL_I2C_IsDeviceReady                             HAL_Driver\Src\stm32f1xx_hal_i2c.o
HAL_I2C_ListenCpltCallback                        HAL_Driver\Src\stm32f1xx_hal_i2c.o
HAL_I2C_MasterRxCpltCallback                      HAL_Driver\Src\stm32f1xx_hal_i2c.o
HAL_I2C_MasterTxCpltCallback                      HAL_Driver\Src\stm32f1xx_hal_i2c.o
HAL_I2C_Master_Abort_IT                           HAL_Driver\Src\stm32f1xx_hal_i2c.o
HAL_I2C_Master_Receive                            HAL_Driver\Src\stm32f1xx_hal_i2c.o
HAL_I2C_Master_Receive_DMA                        HAL_Driver\Src\stm32f1xx_hal_i2c.o
HAL_I2C_Master_Receive_IT                         HAL_Driver\Src\stm32f1xx_hal_i2c.o
HAL_I2C_Master_Sequential_Receive_IT              HAL_Driver\Src\stm32f1xx_hal_i2c.o
HAL_I2C_Master_Sequential_Transmit_IT             HAL_Driver\Src\stm32f1xx_hal_i2c.o
HAL_I2C_Master_Transmit                           HAL_Driver\Src\stm32f1xx_hal_i2c.o
HAL_I2C_Master_Transmit_DMA                       HAL_Driver\Src\stm32f1xx_hal_i2c.o
HAL_I2C_Master_Transmit_IT                        HAL_Driver\Src\stm32f1xx_hal_i2c.o
HAL_I2C_MemRxCpltCallback                         HAL_Driver\Src\stm32f1xx_hal_i2c.o
HAL_I2C_MemTxCpltCallback                         HAL_Driver\Src\stm32f1xx_hal_i2c.o
HAL_I2C_Mem_Read                                  HAL_Driver\Src\stm32f1xx_hal_i2c.o
HAL_I2C_Mem_Read_DMA                              HAL_Driver\Src\stm32f1xx_hal_i2c.o
HAL_I2C_Mem_Read_IT                               HAL_Driver\Src\stm32f1xx_hal_i2c.o
HAL_I2C_Mem_Write                                 HAL_Driver\Src\stm32f1xx_hal_i2c.o
HAL_I2C_Mem_Write_DMA                             HAL_Driver\Src\stm32f1xx_hal_i2c.o
HAL_I2C_Mem_Write_IT                              HAL_Driver\Src\stm32f1xx_hal_i2c.o
HAL_I2C_MspDeInit                                 HAL_Driver\Src\stm32f1xx_hal_i2c.o
HAL_I2C_MspInit                                   HAL_Driver\Src\stm32f1xx_hal_i2c.o
HAL_I2C_SlaveRxCpltCallback                       HAL_Driver\Src\stm32f1xx_hal_i2c.o
HAL_I2C_SlaveTxCpltCallback                       HAL_Driver\Src\stm32f1xx_hal_i2c.o
HAL_I2C_Slave_Receive                             HAL_Driver\Src\stm32f1xx_hal_i2c.o
HAL_I2C_Slave_Receive_DMA                         HAL_Driver\Src\stm32f1xx_hal_i2c.o
HAL_I2C_Slave_Receive_IT                          HAL_Driver\Src\stm32f1xx_hal_i2c.o
HAL_I2C_Slave_Sequential_Receive_IT               HAL_Driver\Src\stm32f1xx_hal_i2c.o
HAL_I2C_Slave_Sequential_Transmit_IT              HAL_Driver\Src\stm32f1xx_hal_i2c.o
HAL_I2C_Slave_Transmit                            HAL_Driver\Src\stm32f1xx_hal_i2c.o
HAL_I2C_Slave_Transmit_DMA                        HAL_Driver\Src\stm32f1xx_hal_i2c.o
HAL_I2C_Slave_Transmit_IT                         HAL_Driver\Src\stm32f1xx_hal_i2c.o
HAL_IRDA_Abort                                    HAL_Driver\Src\stm32f1xx_hal_irda.o
HAL_IRDA_AbortCpltCallback                        HAL_Driver\Src\stm32f1xx_hal_irda.o
HAL_IRDA_AbortReceive                             HAL_Driver\Src\stm32f1xx_hal_irda.o
HAL_IRDA_AbortReceiveCpltCallback                 HAL_Driver\Src\stm32f1xx_hal_irda.o
HAL_IRDA_AbortReceive_IT                          HAL_Driver\Src\stm32f1xx_hal_irda.o
HAL_IRDA_AbortTransmit                            HAL_Driver\Src\stm32f1xx_hal_irda.o
HAL_IRDA_AbortTransmitCpltCallback                HAL_Driver\Src\stm32f1xx_hal_irda.o
HAL_IRDA_AbortTransmit_IT                         HAL_Driver\Src\stm32f1xx_hal_irda.o
HAL_IRDA_Abort_IT                                 HAL_Driver\Src\stm32f1xx_hal_irda.o
HAL_IRDA_DMAPause                                 HAL_Driver\Src\stm32f1xx_hal_irda.o
HAL_IRDA_DMAResume                                HAL_Driver\Src\stm32f1xx_hal_irda.o
HAL_IRDA_DMAStop                                  HAL_Driver\Src\stm32f1xx_hal_irda.o
HAL_IRDA_DeInit                                   HAL_Driver\Src\stm32f1xx_hal_irda.o
HAL_IRDA_ErrorCallback                            HAL_Driver\Src\stm32f1xx_hal_irda.o
HAL_IRDA_GetError                                 HAL_Driver\Src\stm32f1xx_hal_irda.o
HAL_IRDA_GetState                                 HAL_Driver\Src\stm32f1xx_hal_irda.o
HAL_IRDA_IRQHandler                               HAL_Driver\Src\stm32f1xx_hal_irda.o
HAL_IRDA_Init                                     HAL_Driver\Src\stm32f1xx_hal_irda.o
HAL_IRDA_MspDeInit                                HAL_Driver\Src\stm32f1xx_hal_irda.o
HAL_IRDA_MspInit                                  HAL_Driver\Src\stm32f1xx_hal_irda.o
HAL_IRDA_Receive                                  HAL_Driver\Src\stm32f1xx_hal_irda.o
HAL_IRDA_Receive_DMA                              HAL_Driver\Src\stm32f1xx_hal_irda.o
HAL_IRDA_Receive_IT                               HAL_Driver\Src\stm32f1xx_hal_irda.o
HAL_IRDA_RxCpltCallback                           HAL_Driver\Src\stm32f1xx_hal_irda.o
HAL_IRDA_RxHalfCpltCallback                       HAL_Driver\Src\stm32f1xx_hal_irda.o
HAL_IRDA_Transmit                                 HAL_Driver\Src\stm32f1xx_hal_irda.o
HAL_IRDA_Transmit_DMA                             HAL_Driver\Src\stm32f1xx_hal_irda.o
HAL_IRDA_Transmit_IT                              HAL_Driver\Src\stm32f1xx_hal_irda.o
HAL_IRDA_TxCpltCallback                           HAL_Driver\Src\stm32f1xx_hal_irda.o
HAL_IRDA_TxHalfCpltCallback                       HAL_Driver\Src\stm32f1xx_hal_irda.o
HAL_IWDG_Init                                     HAL_Driver\Src\stm32f1xx_hal_iwdg.o
HAL_IWDG_Refresh                                  HAL_Driver\Src\stm32f1xx_hal_iwdg.o
HAL_IncTick                                       HAL_Driver\Src\stm32f1xx_hal.o
                                                  src\stm32f1xx_it.o
HAL_Init                                          HAL_Driver\Src\stm32f1xx_hal.o
                                                  src\main.o
HAL_InitTick                                      HAL_Driver\Src\stm32f1xx_hal.o
                                                  HAL_Driver\Src\stm32f1xx_hal_rcc.o
HAL_LIN_Init                                      HAL_Driver\Src\stm32f1xx_hal_uart.o
HAL_LIN_SendBreak                                 HAL_Driver\Src\stm32f1xx_hal_uart.o
HAL_MspDeInit                                     HAL_Driver\Src\stm32f1xx_hal_msp_template.o
                                                  HAL_Driver\Src\stm32f1xx_hal.o
HAL_MspInit                                       HAL_Driver\Src\stm32f1xx_hal_msp_template.o
                                                  HAL_Driver\Src\stm32f1xx_hal.o
HAL_MultiProcessor_EnterMuteMode                  HAL_Driver\Src\stm32f1xx_hal_uart.o
HAL_MultiProcessor_ExitMuteMode                   HAL_Driver\Src\stm32f1xx_hal_uart.o
HAL_MultiProcessor_Init                           HAL_Driver\Src\stm32f1xx_hal_uart.o
HAL_NVIC_ClearPendingIRQ                          HAL_Driver\Src\stm32f1xx_hal_cortex.o
HAL_NVIC_DisableIRQ                               HAL_Driver\Src\stm32f1xx_hal_cortex.o
HAL_NVIC_EnableIRQ                                HAL_Driver\Src\stm32f1xx_hal_cortex.o
HAL_NVIC_GetActive                                HAL_Driver\Src\stm32f1xx_hal_cortex.o
HAL_NVIC_GetPendingIRQ                            HAL_Driver\Src\stm32f1xx_hal_cortex.o
HAL_NVIC_GetPriority                              HAL_Driver\Src\stm32f1xx_hal_cortex.o
HAL_NVIC_GetPriorityGrouping                      HAL_Driver\Src\stm32f1xx_hal_cortex.o
HAL_NVIC_SetPendingIRQ                            HAL_Driver\Src\stm32f1xx_hal_cortex.o
HAL_NVIC_SetPriority                              HAL_Driver\Src\stm32f1xx_hal_cortex.o
                                                  HAL_Driver\Src\stm32f1xx_hal.o
HAL_NVIC_SetPriorityGrouping                      HAL_Driver\Src\stm32f1xx_hal_cortex.o
                                                  HAL_Driver\Src\stm32f1xx_hal.o
HAL_NVIC_SystemReset                              HAL_Driver\Src\stm32f1xx_hal_cortex.o
                                                  HAL_Driver\Src\stm32f1xx_hal_flash.o
HAL_PCDEx_PMAConfig                               HAL_Driver\Src\stm32f1xx_hal_pcd_ex.o
HAL_PCDEx_SetConnectionState                      HAL_Driver\Src\stm32f1xx_hal_pcd_ex.o
                                                  HAL_Driver\Src\stm32f1xx_hal_pcd.o
HAL_PCD_ActivateRemoteWakeup                      HAL_Driver\Src\stm32f1xx_hal_pcd.o
HAL_PCD_ConnectCallback                           HAL_Driver\Src\stm32f1xx_hal_pcd.o
HAL_PCD_DataInStageCallback                       HAL_Driver\Src\stm32f1xx_hal_pcd.o
HAL_PCD_DataOutStageCallback                      HAL_Driver\Src\stm32f1xx_hal_pcd.o
HAL_PCD_DeActivateRemoteWakeup                    HAL_Driver\Src\stm32f1xx_hal_pcd.o
HAL_PCD_DeInit                                    HAL_Driver\Src\stm32f1xx_hal_pcd.o
HAL_PCD_DevConnect                                HAL_Driver\Src\stm32f1xx_hal_pcd.o
HAL_PCD_DevDisconnect                             HAL_Driver\Src\stm32f1xx_hal_pcd.o
HAL_PCD_DisconnectCallback                        HAL_Driver\Src\stm32f1xx_hal_pcd.o
HAL_PCD_EP_Close                                  HAL_Driver\Src\stm32f1xx_hal_pcd.o
HAL_PCD_EP_ClrStall                               HAL_Driver\Src\stm32f1xx_hal_pcd.o
HAL_PCD_EP_Flush                                  HAL_Driver\Src\stm32f1xx_hal_pcd.o
HAL_PCD_EP_GetRxCount                             HAL_Driver\Src\stm32f1xx_hal_pcd.o
HAL_PCD_EP_Open                                   HAL_Driver\Src\stm32f1xx_hal_pcd.o
HAL_PCD_EP_Receive                                HAL_Driver\Src\stm32f1xx_hal_pcd.o
HAL_PCD_EP_SetStall                               HAL_Driver\Src\stm32f1xx_hal_pcd.o
HAL_PCD_EP_Transmit                               HAL_Driver\Src\stm32f1xx_hal_pcd.o
HAL_PCD_GetState                                  HAL_Driver\Src\stm32f1xx_hal_pcd.o
HAL_PCD_IRQHandler                                HAL_Driver\Src\stm32f1xx_hal_pcd.o
HAL_PCD_ISOINIncompleteCallback                   HAL_Driver\Src\stm32f1xx_hal_pcd.o
HAL_PCD_ISOOUTIncompleteCallback                  HAL_Driver\Src\stm32f1xx_hal_pcd.o
HAL_PCD_Init                                      HAL_Driver\Src\stm32f1xx_hal_pcd.o
HAL_PCD_MspDeInit                                 HAL_Driver\Src\stm32f1xx_hal_pcd.o
HAL_PCD_MspInit                                   HAL_Driver\Src\stm32f1xx_hal_pcd.o
HAL_PCD_ResetCallback                             HAL_Driver\Src\stm32f1xx_hal_pcd.o
HAL_PCD_ResumeCallback                            HAL_Driver\Src\stm32f1xx_hal_pcd.o
HAL_PCD_SOFCallback                               HAL_Driver\Src\stm32f1xx_hal_pcd.o
HAL_PCD_SetAddress                                HAL_Driver\Src\stm32f1xx_hal_pcd.o
HAL_PCD_SetupStageCallback                        HAL_Driver\Src\stm32f1xx_hal_pcd.o
HAL_PCD_Start                                     HAL_Driver\Src\stm32f1xx_hal_pcd.o
HAL_PCD_Stop                                      HAL_Driver\Src\stm32f1xx_hal_pcd.o
HAL_PCD_SuspendCallback                           HAL_Driver\Src\stm32f1xx_hal_pcd.o
HAL_PPP_MspDeInit                                 HAL_Driver\Src\stm32f1xx_hal_msp_template.o
HAL_PPP_MspInit                                   HAL_Driver\Src\stm32f1xx_hal_msp_template.o
HAL_PWR_ConfigPVD                                 HAL_Driver\Src\stm32f1xx_hal_pwr.o
HAL_PWR_DeInit                                    HAL_Driver\Src\stm32f1xx_hal_pwr.o
HAL_PWR_DisableBkUpAccess                         HAL_Driver\Src\stm32f1xx_hal_pwr.o
HAL_PWR_DisablePVD                                HAL_Driver\Src\stm32f1xx_hal_pwr.o
HAL_PWR_DisableSEVOnPend                          HAL_Driver\Src\stm32f1xx_hal_pwr.o
HAL_PWR_DisableSleepOnExit                        HAL_Driver\Src\stm32f1xx_hal_pwr.o
HAL_PWR_DisableWakeUpPin                          HAL_Driver\Src\stm32f1xx_hal_pwr.o
HAL_PWR_EnableBkUpAccess                          HAL_Driver\Src\stm32f1xx_hal_pwr.o
HAL_PWR_EnablePVD                                 HAL_Driver\Src\stm32f1xx_hal_pwr.o
HAL_PWR_EnableSEVOnPend                           HAL_Driver\Src\stm32f1xx_hal_pwr.o
HAL_PWR_EnableSleepOnExit                         HAL_Driver\Src\stm32f1xx_hal_pwr.o
HAL_PWR_EnableWakeUpPin                           HAL_Driver\Src\stm32f1xx_hal_pwr.o
HAL_PWR_EnterSLEEPMode                            HAL_Driver\Src\stm32f1xx_hal_pwr.o
HAL_PWR_EnterSTANDBYMode                          HAL_Driver\Src\stm32f1xx_hal_pwr.o
HAL_PWR_EnterSTOPMode                             HAL_Driver\Src\stm32f1xx_hal_pwr.o
HAL_PWR_PVDCallback                               HAL_Driver\Src\stm32f1xx_hal_pwr.o
HAL_PWR_PVD_IRQHandler                            HAL_Driver\Src\stm32f1xx_hal_pwr.o
HAL_RCCEx_GetPeriphCLKConfig                      HAL_Driver\Src\stm32f1xx_hal_rcc_ex.o
HAL_RCCEx_GetPeriphCLKFreq                        HAL_Driver\Src\stm32f1xx_hal_rcc_ex.o
                                                  HAL_Driver\Src\stm32f1xx_hal_rtc.o
                                                  HAL_Driver\Src\stm32f1xx_hal_adc_ex.o
                                                  HAL_Driver\Src\stm32f1xx_hal_adc.o
HAL_RCCEx_PeriphCLKConfig                         HAL_Driver\Src\stm32f1xx_hal_rcc_ex.o
HAL_RCC_CSSCallback                               HAL_Driver\Src\stm32f1xx_hal_rcc.o
HAL_RCC_ClockConfig                               HAL_Driver\Src\stm32f1xx_hal_rcc.o
HAL_RCC_DeInit                                    HAL_Driver\Src\stm32f1xx_hal_rcc.o
HAL_RCC_DisableCSS                                HAL_Driver\Src\stm32f1xx_hal_rcc.o
HAL_RCC_EnableCSS                                 HAL_Driver\Src\stm32f1xx_hal_rcc.o
HAL_RCC_GetClockConfig                            HAL_Driver\Src\stm32f1xx_hal_rcc.o
HAL_RCC_GetHCLKFreq                               HAL_Driver\Src\stm32f1xx_hal_rcc.o
HAL_RCC_GetOscConfig                              HAL_Driver\Src\stm32f1xx_hal_rcc.o
HAL_RCC_GetPCLK1Freq                              HAL_Driver\Src\stm32f1xx_hal_rcc.o
                                                  HAL_Driver\Src\stm32f1xx_hal_usart.o
                                                  HAL_Driver\Src\stm32f1xx_hal_uart.o
                                                  HAL_Driver\Src\stm32f1xx_hal_smartcard.o
                                                  HAL_Driver\Src\stm32f1xx_hal_irda.o
                                                  HAL_Driver\Src\stm32f1xx_hal_i2c.o
HAL_RCC_GetPCLK2Freq                              HAL_Driver\Src\stm32f1xx_hal_rcc.o
                                                  HAL_Driver\Src\stm32f1xx_hal_usart.o
                                                  HAL_Driver\Src\stm32f1xx_hal_uart.o
                                                  HAL_Driver\Src\stm32f1xx_hal_smartcard.o
                                                  HAL_Driver\Src\stm32f1xx_hal_rcc_ex.o
                                                  HAL_Driver\Src\stm32f1xx_hal_irda.o
HAL_RCC_GetSysClockFreq                           HAL_Driver\Src\stm32f1xx_hal_rcc.o
HAL_RCC_MCOConfig                                 HAL_Driver\Src\stm32f1xx_hal_rcc.o
HAL_RCC_NMI_IRQHandler                            HAL_Driver\Src\stm32f1xx_hal_rcc.o
HAL_RCC_OscConfig                                 HAL_Driver\Src\stm32f1xx_hal_rcc.o
HAL_RTCEx_BKUPRead                                HAL_Driver\Src\stm32f1xx_hal_rtc_ex.o
HAL_RTCEx_BKUPWrite                               HAL_Driver\Src\stm32f1xx_hal_rtc_ex.o
HAL_RTCEx_DeactivateSecond                        HAL_Driver\Src\stm32f1xx_hal_rtc_ex.o
HAL_RTCEx_DeactivateTamper                        HAL_Driver\Src\stm32f1xx_hal_rtc_ex.o
HAL_RTCEx_PollForTamper1Event                     HAL_Driver\Src\stm32f1xx_hal_rtc_ex.o
HAL_RTCEx_RTCEventCallback                        HAL_Driver\Src\stm32f1xx_hal_rtc_ex.o
HAL_RTCEx_RTCEventErrorCallback                   HAL_Driver\Src\stm32f1xx_hal_rtc_ex.o
HAL_RTCEx_RTCIRQHandler                           HAL_Driver\Src\stm32f1xx_hal_rtc_ex.o
HAL_RTCEx_SetSecond_IT                            HAL_Driver\Src\stm32f1xx_hal_rtc_ex.o
HAL_RTCEx_SetSmoothCalib                          HAL_Driver\Src\stm32f1xx_hal_rtc_ex.o
HAL_RTCEx_SetTamper                               HAL_Driver\Src\stm32f1xx_hal_rtc_ex.o
HAL_RTCEx_SetTamper_IT                            HAL_Driver\Src\stm32f1xx_hal_rtc_ex.o
HAL_RTCEx_Tamper1EventCallback                    HAL_Driver\Src\stm32f1xx_hal_rtc_ex.o
HAL_RTCEx_TamperIRQHandler                        HAL_Driver\Src\stm32f1xx_hal_rtc_ex.o
HAL_RTC_AlarmAEventCallback                       HAL_Driver\Src\stm32f1xx_hal_rtc.o
HAL_RTC_AlarmIRQHandler                           HAL_Driver\Src\stm32f1xx_hal_rtc.o
HAL_RTC_DeInit                                    HAL_Driver\Src\stm32f1xx_hal_rtc.o
HAL_RTC_DeactivateAlarm                           HAL_Driver\Src\stm32f1xx_hal_rtc.o
HAL_RTC_GetAlarm                                  HAL_Driver\Src\stm32f1xx_hal_rtc.o
HAL_RTC_GetDate                                   HAL_Driver\Src\stm32f1xx_hal_rtc.o
HAL_RTC_GetState                                  HAL_Driver\Src\stm32f1xx_hal_rtc.o
HAL_RTC_GetTime                                   HAL_Driver\Src\stm32f1xx_hal_rtc.o
HAL_RTC_Init                                      HAL_Driver\Src\stm32f1xx_hal_rtc.o
HAL_RTC_MspDeInit                                 HAL_Driver\Src\stm32f1xx_hal_rtc.o
HAL_RTC_MspInit                                   HAL_Driver\Src\stm32f1xx_hal_rtc.o
HAL_RTC_PollForAlarmAEvent                        HAL_Driver\Src\stm32f1xx_hal_rtc.o
HAL_RTC_SetAlarm                                  HAL_Driver\Src\stm32f1xx_hal_rtc.o
HAL_RTC_SetAlarm_IT                               HAL_Driver\Src\stm32f1xx_hal_rtc.o
HAL_RTC_SetDate                                   HAL_Driver\Src\stm32f1xx_hal_rtc.o
HAL_RTC_SetTime                                   HAL_Driver\Src\stm32f1xx_hal_rtc.o
HAL_RTC_WaitForSynchro                            HAL_Driver\Src\stm32f1xx_hal_rtc.o
HAL_ResumeTick                                    HAL_Driver\Src\stm32f1xx_hal.o
HAL_SMARTCARD_Abort                               HAL_Driver\Src\stm32f1xx_hal_smartcard.o
HAL_SMARTCARD_AbortCpltCallback                   HAL_Driver\Src\stm32f1xx_hal_smartcard.o
HAL_SMARTCARD_AbortReceive                        HAL_Driver\Src\stm32f1xx_hal_smartcard.o
HAL_SMARTCARD_AbortReceiveCpltCallback            HAL_Driver\Src\stm32f1xx_hal_smartcard.o
HAL_SMARTCARD_AbortReceive_IT                     HAL_Driver\Src\stm32f1xx_hal_smartcard.o
HAL_SMARTCARD_AbortTransmit                       HAL_Driver\Src\stm32f1xx_hal_smartcard.o
HAL_SMARTCARD_AbortTransmitCpltCallback           HAL_Driver\Src\stm32f1xx_hal_smartcard.o
HAL_SMARTCARD_AbortTransmit_IT                    HAL_Driver\Src\stm32f1xx_hal_smartcard.o
HAL_SMARTCARD_Abort_IT                            HAL_Driver\Src\stm32f1xx_hal_smartcard.o
HAL_SMARTCARD_DeInit                              HAL_Driver\Src\stm32f1xx_hal_smartcard.o
HAL_SMARTCARD_ErrorCallback                       HAL_Driver\Src\stm32f1xx_hal_smartcard.o
HAL_SMARTCARD_GetError                            HAL_Driver\Src\stm32f1xx_hal_smartcard.o
HAL_SMARTCARD_GetState                            HAL_Driver\Src\stm32f1xx_hal_smartcard.o
HAL_SMARTCARD_IRQHandler                          HAL_Driver\Src\stm32f1xx_hal_smartcard.o
HAL_SMARTCARD_Init                                HAL_Driver\Src\stm32f1xx_hal_smartcard.o
HAL_SMARTCARD_MspDeInit                           HAL_Driver\Src\stm32f1xx_hal_smartcard.o
HAL_SMARTCARD_MspInit                             HAL_Driver\Src\stm32f1xx_hal_smartcard.o
HAL_SMARTCARD_Receive                             HAL_Driver\Src\stm32f1xx_hal_smartcard.o
HAL_SMARTCARD_Receive_DMA                         HAL_Driver\Src\stm32f1xx_hal_smartcard.o
HAL_SMARTCARD_Receive_IT                          HAL_Driver\Src\stm32f1xx_hal_smartcard.o
HAL_SMARTCARD_RxCpltCallback                      HAL_Driver\Src\stm32f1xx_hal_smartcard.o
HAL_SMARTCARD_Transmit                            HAL_Driver\Src\stm32f1xx_hal_smartcard.o
HAL_SMARTCARD_Transmit_DMA                        HAL_Driver\Src\stm32f1xx_hal_smartcard.o
HAL_SMARTCARD_Transmit_IT                         HAL_Driver\Src\stm32f1xx_hal_smartcard.o
HAL_SMARTCARD_TxCpltCallback                      HAL_Driver\Src\stm32f1xx_hal_smartcard.o
HAL_SPI_Abort                                     HAL_Driver\Src\stm32f1xx_hal_spi.o
HAL_SPI_AbortCpltCallback                         HAL_Driver\Src\stm32f1xx_hal_spi.o
HAL_SPI_Abort_IT                                  HAL_Driver\Src\stm32f1xx_hal_spi.o
HAL_SPI_DMAPause                                  HAL_Driver\Src\stm32f1xx_hal_spi.o
HAL_SPI_DMAResume                                 HAL_Driver\Src\stm32f1xx_hal_spi.o
HAL_SPI_DMAStop                                   HAL_Driver\Src\stm32f1xx_hal_spi.o
HAL_SPI_DeInit                                    HAL_Driver\Src\stm32f1xx_hal_spi.o
HAL_SPI_ErrorCallback                             HAL_Driver\Src\stm32f1xx_hal_spi.o
HAL_SPI_GetError                                  HAL_Driver\Src\stm32f1xx_hal_spi.o
HAL_SPI_GetState                                  HAL_Driver\Src\stm32f1xx_hal_spi.o
HAL_SPI_IRQHandler                                HAL_Driver\Src\stm32f1xx_hal_spi.o
HAL_SPI_Init                                      HAL_Driver\Src\stm32f1xx_hal_spi_ex.o
                                                  HAL_Driver\Src\stm32f1xx_hal_spi.o
HAL_SPI_MspDeInit                                 HAL_Driver\Src\stm32f1xx_hal_spi.o
HAL_SPI_MspInit                                   HAL_Driver\Src\stm32f1xx_hal_spi.o
                                                  HAL_Driver\Src\stm32f1xx_hal_spi_ex.o
HAL_SPI_Receive                                   HAL_Driver\Src\stm32f1xx_hal_spi.o
HAL_SPI_Receive_DMA                               HAL_Driver\Src\stm32f1xx_hal_spi.o
HAL_SPI_Receive_IT                                HAL_Driver\Src\stm32f1xx_hal_spi.o
HAL_SPI_RxCpltCallback                            HAL_Driver\Src\stm32f1xx_hal_spi.o
HAL_SPI_RxHalfCpltCallback                        HAL_Driver\Src\stm32f1xx_hal_spi.o
HAL_SPI_Transmit                                  HAL_Driver\Src\stm32f1xx_hal_spi.o
HAL_SPI_TransmitReceive                           HAL_Driver\Src\stm32f1xx_hal_spi.o
HAL_SPI_TransmitReceive_DMA                       HAL_Driver\Src\stm32f1xx_hal_spi.o
HAL_SPI_TransmitReceive_IT                        HAL_Driver\Src\stm32f1xx_hal_spi.o
HAL_SPI_Transmit_DMA                              HAL_Driver\Src\stm32f1xx_hal_spi.o
HAL_SPI_Transmit_IT                               HAL_Driver\Src\stm32f1xx_hal_spi.o
HAL_SPI_TxCpltCallback                            HAL_Driver\Src\stm32f1xx_hal_spi.o
HAL_SPI_TxHalfCpltCallback                        HAL_Driver\Src\stm32f1xx_hal_spi.o
HAL_SPI_TxRxCpltCallback                          HAL_Driver\Src\stm32f1xx_hal_spi.o
HAL_SPI_TxRxHalfCpltCallback                      HAL_Driver\Src\stm32f1xx_hal_spi.o
HAL_SYSTICK_CLKSourceConfig                       HAL_Driver\Src\stm32f1xx_hal_cortex.o
HAL_SYSTICK_Callback                              HAL_Driver\Src\stm32f1xx_hal_cortex.o
HAL_SYSTICK_Config                                HAL_Driver\Src\stm32f1xx_hal_cortex.o
                                                  HAL_Driver\Src\stm32f1xx_hal.o
HAL_SYSTICK_IRQHandler                            HAL_Driver\Src\stm32f1xx_hal_cortex.o
                                                  src\stm32f1xx_it.o
HAL_SetTickFreq                                   HAL_Driver\Src\stm32f1xx_hal.o
HAL_SuspendTick                                   HAL_Driver\Src\stm32f1xx_hal.o
HAL_TIMEx_BreakCallback                           HAL_Driver\Src\stm32f1xx_hal_tim_ex.o
                                                  HAL_Driver\Src\stm32f1xx_hal_tim.o
HAL_TIMEx_CommutationCallback                     HAL_Driver\Src\stm32f1xx_hal_tim_ex.o
                                                  HAL_Driver\Src\stm32f1xx_hal_tim.o
HAL_TIMEx_ConfigBreakDeadTime                     HAL_Driver\Src\stm32f1xx_hal_tim_ex.o
HAL_TIMEx_ConfigCommutationEvent                  HAL_Driver\Src\stm32f1xx_hal_tim_ex.o
HAL_TIMEx_ConfigCommutationEvent_DMA              HAL_Driver\Src\stm32f1xx_hal_tim_ex.o
HAL_TIMEx_ConfigCommutationEvent_IT               HAL_Driver\Src\stm32f1xx_hal_tim_ex.o
HAL_TIMEx_HallSensor_DeInit                       HAL_Driver\Src\stm32f1xx_hal_tim_ex.o
HAL_TIMEx_HallSensor_GetState                     HAL_Driver\Src\stm32f1xx_hal_tim_ex.o
HAL_TIMEx_HallSensor_Init                         HAL_Driver\Src\stm32f1xx_hal_tim_ex.o
HAL_TIMEx_HallSensor_MspDeInit                    HAL_Driver\Src\stm32f1xx_hal_tim_ex.o
HAL_TIMEx_HallSensor_MspInit                      HAL_Driver\Src\stm32f1xx_hal_tim_ex.o
HAL_TIMEx_HallSensor_Start                        HAL_Driver\Src\stm32f1xx_hal_tim_ex.o
HAL_TIMEx_HallSensor_Start_DMA                    HAL_Driver\Src\stm32f1xx_hal_tim_ex.o
HAL_TIMEx_HallSensor_Start_IT                     HAL_Driver\Src\stm32f1xx_hal_tim_ex.o
HAL_TIMEx_HallSensor_Stop                         HAL_Driver\Src\stm32f1xx_hal_tim_ex.o
HAL_TIMEx_HallSensor_Stop_DMA                     HAL_Driver\Src\stm32f1xx_hal_tim_ex.o
HAL_TIMEx_HallSensor_Stop_IT                      HAL_Driver\Src\stm32f1xx_hal_tim_ex.o
HAL_TIMEx_MasterConfigSynchronization             HAL_Driver\Src\stm32f1xx_hal_tim_ex.o
HAL_TIMEx_OCN_Start                               HAL_Driver\Src\stm32f1xx_hal_tim_ex.o
HAL_TIMEx_OCN_Start_DMA                           HAL_Driver\Src\stm32f1xx_hal_tim_ex.o
HAL_TIMEx_OCN_Start_IT                            HAL_Driver\Src\stm32f1xx_hal_tim_ex.o
HAL_TIMEx_OCN_Stop                                HAL_Driver\Src\stm32f1xx_hal_tim_ex.o
HAL_TIMEx_OCN_Stop_DMA                            HAL_Driver\Src\stm32f1xx_hal_tim_ex.o
HAL_TIMEx_OCN_Stop_IT                             HAL_Driver\Src\stm32f1xx_hal_tim_ex.o
HAL_TIMEx_OnePulseN_Start                         HAL_Driver\Src\stm32f1xx_hal_tim_ex.o
HAL_TIMEx_OnePulseN_Start_IT                      HAL_Driver\Src\stm32f1xx_hal_tim_ex.o
HAL_TIMEx_OnePulseN_Stop                          HAL_Driver\Src\stm32f1xx_hal_tim_ex.o
HAL_TIMEx_OnePulseN_Stop_IT                       HAL_Driver\Src\stm32f1xx_hal_tim_ex.o
HAL_TIMEx_PWMN_Start                              HAL_Driver\Src\stm32f1xx_hal_tim_ex.o
HAL_TIMEx_PWMN_Start_DMA                          HAL_Driver\Src\stm32f1xx_hal_tim_ex.o
HAL_TIMEx_PWMN_Start_IT                           HAL_Driver\Src\stm32f1xx_hal_tim_ex.o
HAL_TIMEx_PWMN_Stop                               HAL_Driver\Src\stm32f1xx_hal_tim_ex.o
HAL_TIMEx_PWMN_Stop_DMA                           HAL_Driver\Src\stm32f1xx_hal_tim_ex.o
HAL_TIMEx_PWMN_Stop_IT                            HAL_Driver\Src\stm32f1xx_hal_tim_ex.o
HAL_TIM_Base_DeInit                               HAL_Driver\Src\stm32f1xx_hal_tim.o
HAL_TIM_Base_GetState                             HAL_Driver\Src\stm32f1xx_hal_tim.o
HAL_TIM_Base_Init                                 HAL_Driver\Src\stm32f1xx_hal_tim.o
HAL_TIM_Base_MspDeInit                            HAL_Driver\Src\stm32f1xx_hal_tim.o
HAL_TIM_Base_MspInit                              HAL_Driver\Src\stm32f1xx_hal_tim.o
HAL_TIM_Base_Start                                HAL_Driver\Src\stm32f1xx_hal_tim.o
HAL_TIM_Base_Start_DMA                            HAL_Driver\Src\stm32f1xx_hal_tim.o
HAL_TIM_Base_Start_IT                             HAL_Driver\Src\stm32f1xx_hal_tim.o
HAL_TIM_Base_Stop                                 HAL_Driver\Src\stm32f1xx_hal_tim.o
HAL_TIM_Base_Stop_DMA                             HAL_Driver\Src\stm32f1xx_hal_tim.o
HAL_TIM_Base_Stop_IT                              HAL_Driver\Src\stm32f1xx_hal_tim.o
HAL_TIM_ConfigClockSource                         HAL_Driver\Src\stm32f1xx_hal_tim.o
HAL_TIM_ConfigOCrefClear                          HAL_Driver\Src\stm32f1xx_hal_tim.o
HAL_TIM_ConfigTI1Input                            HAL_Driver\Src\stm32f1xx_hal_tim.o
HAL_TIM_DMABurst_ReadStart                        HAL_Driver\Src\stm32f1xx_hal_tim.o
HAL_TIM_DMABurst_ReadStop                         HAL_Driver\Src\stm32f1xx_hal_tim.o
HAL_TIM_DMABurst_WriteStart                       HAL_Driver\Src\stm32f1xx_hal_tim.o
HAL_TIM_DMABurst_WriteStop                        HAL_Driver\Src\stm32f1xx_hal_tim.o
HAL_TIM_Encoder_DeInit                            HAL_Driver\Src\stm32f1xx_hal_tim.o
HAL_TIM_Encoder_GetState                          HAL_Driver\Src\stm32f1xx_hal_tim.o
HAL_TIM_Encoder_Init                              HAL_Driver\Src\stm32f1xx_hal_tim.o
HAL_TIM_Encoder_MspDeInit                         HAL_Driver\Src\stm32f1xx_hal_tim.o
HAL_TIM_Encoder_MspInit                           HAL_Driver\Src\stm32f1xx_hal_tim.o
HAL_TIM_Encoder_Start                             HAL_Driver\Src\stm32f1xx_hal_tim.o
HAL_TIM_Encoder_Start_DMA                         HAL_Driver\Src\stm32f1xx_hal_tim.o
HAL_TIM_Encoder_Start_IT                          HAL_Driver\Src\stm32f1xx_hal_tim.o
HAL_TIM_Encoder_Stop                              HAL_Driver\Src\stm32f1xx_hal_tim.o
HAL_TIM_Encoder_Stop_DMA                          HAL_Driver\Src\stm32f1xx_hal_tim.o
HAL_TIM_Encoder_Stop_IT                           HAL_Driver\Src\stm32f1xx_hal_tim.o
HAL_TIM_ErrorCallback                             HAL_Driver\Src\stm32f1xx_hal_tim.o
HAL_TIM_GenerateEvent                             HAL_Driver\Src\stm32f1xx_hal_tim.o
HAL_TIM_IC_CaptureCallback                        HAL_Driver\Src\stm32f1xx_hal_tim.o
HAL_TIM_IC_ConfigChannel                          HAL_Driver\Src\stm32f1xx_hal_tim.o
HAL_TIM_IC_DeInit                                 HAL_Driver\Src\stm32f1xx_hal_tim.o
HAL_TIM_IC_GetState                               HAL_Driver\Src\stm32f1xx_hal_tim.o
HAL_TIM_IC_Init                                   HAL_Driver\Src\stm32f1xx_hal_tim.o
HAL_TIM_IC_MspDeInit                              HAL_Driver\Src\stm32f1xx_hal_tim.o
HAL_TIM_IC_MspInit                                HAL_Driver\Src\stm32f1xx_hal_tim.o
HAL_TIM_IC_Start                                  HAL_Driver\Src\stm32f1xx_hal_tim.o
HAL_TIM_IC_Start_DMA                              HAL_Driver\Src\stm32f1xx_hal_tim.o
HAL_TIM_IC_Start_IT                               HAL_Driver\Src\stm32f1xx_hal_tim.o
HAL_TIM_IC_Stop                                   HAL_Driver\Src\stm32f1xx_hal_tim.o
HAL_TIM_IC_Stop_DMA                               HAL_Driver\Src\stm32f1xx_hal_tim.o
HAL_TIM_IC_Stop_IT                                HAL_Driver\Src\stm32f1xx_hal_tim.o
HAL_TIM_IRQHandler                                HAL_Driver\Src\stm32f1xx_hal_tim.o
HAL_TIM_OC_ConfigChannel                          HAL_Driver\Src\stm32f1xx_hal_tim.o
HAL_TIM_OC_DeInit                                 HAL_Driver\Src\stm32f1xx_hal_tim.o
HAL_TIM_OC_DelayElapsedCallback                   HAL_Driver\Src\stm32f1xx_hal_tim.o
HAL_TIM_OC_GetState                               HAL_Driver\Src\stm32f1xx_hal_tim.o
HAL_TIM_OC_Init                                   HAL_Driver\Src\stm32f1xx_hal_tim.o
HAL_TIM_OC_MspDeInit                              HAL_Driver\Src\stm32f1xx_hal_tim.o
HAL_TIM_OC_MspInit                                HAL_Driver\Src\stm32f1xx_hal_tim.o
HAL_TIM_OC_Start                                  HAL_Driver\Src\stm32f1xx_hal_tim.o
HAL_TIM_OC_Start_DMA                              HAL_Driver\Src\stm32f1xx_hal_tim.o
HAL_TIM_OC_Start_IT                               HAL_Driver\Src\stm32f1xx_hal_tim.o
HAL_TIM_OC_Stop                                   HAL_Driver\Src\stm32f1xx_hal_tim.o
HAL_TIM_OC_Stop_DMA                               HAL_Driver\Src\stm32f1xx_hal_tim.o
HAL_TIM_OC_Stop_IT                                HAL_Driver\Src\stm32f1xx_hal_tim.o
HAL_TIM_OnePulse_ConfigChannel                    HAL_Driver\Src\stm32f1xx_hal_tim.o
HAL_TIM_OnePulse_DeInit                           HAL_Driver\Src\stm32f1xx_hal_tim.o
HAL_TIM_OnePulse_GetState                         HAL_Driver\Src\stm32f1xx_hal_tim.o
HAL_TIM_OnePulse_Init                             HAL_Driver\Src\stm32f1xx_hal_tim.o
HAL_TIM_OnePulse_MspDeInit                        HAL_Driver\Src\stm32f1xx_hal_tim.o
HAL_TIM_OnePulse_MspInit                          HAL_Driver\Src\stm32f1xx_hal_tim.o
HAL_TIM_OnePulse_Start                            HAL_Driver\Src\stm32f1xx_hal_tim.o
HAL_TIM_OnePulse_Start_IT                         HAL_Driver\Src\stm32f1xx_hal_tim.o
HAL_TIM_OnePulse_Stop                             HAL_Driver\Src\stm32f1xx_hal_tim.o
HAL_TIM_OnePulse_Stop_IT                          HAL_Driver\Src\stm32f1xx_hal_tim.o
HAL_TIM_PWM_ConfigChannel                         HAL_Driver\Src\stm32f1xx_hal_tim.o
HAL_TIM_PWM_DeInit                                HAL_Driver\Src\stm32f1xx_hal_tim.o
HAL_TIM_PWM_GetState                              HAL_Driver\Src\stm32f1xx_hal_tim.o
HAL_TIM_PWM_Init                                  HAL_Driver\Src\stm32f1xx_hal_tim.o
HAL_TIM_PWM_MspDeInit                             HAL_Driver\Src\stm32f1xx_hal_tim.o
HAL_TIM_PWM_MspInit                               HAL_Driver\Src\stm32f1xx_hal_tim.o
HAL_TIM_PWM_PulseFinishedCallback                 HAL_Driver\Src\stm32f1xx_hal_tim.o
HAL_TIM_PWM_Start                                 HAL_Driver\Src\stm32f1xx_hal_tim.o
HAL_TIM_PWM_Start_DMA                             HAL_Driver\Src\stm32f1xx_hal_tim.o
HAL_TIM_PWM_Start_IT                              HAL_Driver\Src\stm32f1xx_hal_tim.o
HAL_TIM_PWM_Stop                                  HAL_Driver\Src\stm32f1xx_hal_tim.o
HAL_TIM_PWM_Stop_DMA                              HAL_Driver\Src\stm32f1xx_hal_tim.o
HAL_TIM_PWM_Stop_IT                               HAL_Driver\Src\stm32f1xx_hal_tim.o
HAL_TIM_PeriodElapsedCallback                     HAL_Driver\Src\stm32f1xx_hal_tim.o
HAL_TIM_ReadCapturedValue                         HAL_Driver\Src\stm32f1xx_hal_tim.o
HAL_TIM_SlaveConfigSynchronization                HAL_Driver\Src\stm32f1xx_hal_tim.o
HAL_TIM_SlaveConfigSynchronization_IT             HAL_Driver\Src\stm32f1xx_hal_tim.o
HAL_TIM_TriggerCallback                           HAL_Driver\Src\stm32f1xx_hal_tim.o
HAL_UART_Abort                                    HAL_Driver\Src\stm32f1xx_hal_uart.o
HAL_UART_AbortCpltCallback                        HAL_Driver\Src\stm32f1xx_hal_uart.o
HAL_UART_AbortReceive                             HAL_Driver\Src\stm32f1xx_hal_uart.o
HAL_UART_AbortReceiveCpltCallback                 HAL_Driver\Src\stm32f1xx_hal_uart.o
HAL_UART_AbortReceive_IT                          HAL_Driver\Src\stm32f1xx_hal_uart.o
HAL_UART_AbortTransmit                            HAL_Driver\Src\stm32f1xx_hal_uart.o
HAL_UART_AbortTransmitCpltCallback                HAL_Driver\Src\stm32f1xx_hal_uart.o
HAL_UART_AbortTransmit_IT                         HAL_Driver\Src\stm32f1xx_hal_uart.o
HAL_UART_Abort_IT                                 HAL_Driver\Src\stm32f1xx_hal_uart.o
HAL_UART_DMAPause                                 HAL_Driver\Src\stm32f1xx_hal_uart.o
HAL_UART_DMAResume                                HAL_Driver\Src\stm32f1xx_hal_uart.o
HAL_UART_DMAStop                                  HAL_Driver\Src\stm32f1xx_hal_uart.o
HAL_UART_DeInit                                   HAL_Driver\Src\stm32f1xx_hal_uart.o
HAL_UART_ErrorCallback                            HAL_Driver\Src\stm32f1xx_hal_uart.o
HAL_UART_GetError                                 HAL_Driver\Src\stm32f1xx_hal_uart.o
HAL_UART_GetState                                 HAL_Driver\Src\stm32f1xx_hal_uart.o
HAL_UART_IRQHandler                               HAL_Driver\Src\stm32f1xx_hal_uart.o
HAL_UART_Init                                     HAL_Driver\Src\stm32f1xx_hal_uart.o
                                                  src\main.o
HAL_UART_MspDeInit                                HAL_Driver\Src\stm32f1xx_hal_uart.o
HAL_UART_MspInit                                  HAL_Driver\Src\stm32f1xx_hal_uart.o
HAL_UART_Receive                                  HAL_Driver\Src\stm32f1xx_hal_uart.o
                                                  src\main.o
HAL_UART_Receive_DMA                              HAL_Driver\Src\stm32f1xx_hal_uart.o
HAL_UART_Receive_IT                               HAL_Driver\Src\stm32f1xx_hal_uart.o
HAL_UART_RxCpltCallback                           HAL_Driver\Src\stm32f1xx_hal_uart.o
HAL_UART_RxHalfCpltCallback                       HAL_Driver\Src\stm32f1xx_hal_uart.o
HAL_UART_Transmit                                 HAL_Driver\Src\stm32f1xx_hal_uart.o
                                                  src\main.o
HAL_UART_Transmit_DMA                             HAL_Driver\Src\stm32f1xx_hal_uart.o
HAL_UART_Transmit_IT                              HAL_Driver\Src\stm32f1xx_hal_uart.o
HAL_UART_TxCpltCallback                           HAL_Driver\Src\stm32f1xx_hal_uart.o
HAL_UART_TxHalfCpltCallback                       HAL_Driver\Src\stm32f1xx_hal_uart.o
HAL_USART_Abort                                   HAL_Driver\Src\stm32f1xx_hal_usart.o
HAL_USART_AbortCpltCallback                       HAL_Driver\Src\stm32f1xx_hal_usart.o
HAL_USART_Abort_IT                                HAL_Driver\Src\stm32f1xx_hal_usart.o
HAL_USART_DMAPause                                HAL_Driver\Src\stm32f1xx_hal_usart.o
HAL_USART_DMAResume                               HAL_Driver\Src\stm32f1xx_hal_usart.o
HAL_USART_DMAStop                                 HAL_Driver\Src\stm32f1xx_hal_usart.o
HAL_USART_DeInit                                  HAL_Driver\Src\stm32f1xx_hal_usart.o
HAL_USART_ErrorCallback                           HAL_Driver\Src\stm32f1xx_hal_usart.o
HAL_USART_GetError                                HAL_Driver\Src\stm32f1xx_hal_usart.o
HAL_USART_GetState                                HAL_Driver\Src\stm32f1xx_hal_usart.o
HAL_USART_IRQHandler                              HAL_Driver\Src\stm32f1xx_hal_usart.o
HAL_USART_Init                                    HAL_Driver\Src\stm32f1xx_hal_usart.o
HAL_USART_MspDeInit                               HAL_Driver\Src\stm32f1xx_hal_usart.o
HAL_USART_MspInit                                 HAL_Driver\Src\stm32f1xx_hal_usart.o
HAL_USART_Receive                                 HAL_Driver\Src\stm32f1xx_hal_usart.o
HAL_USART_Receive_DMA                             HAL_Driver\Src\stm32f1xx_hal_usart.o
HAL_USART_Receive_IT                              HAL_Driver\Src\stm32f1xx_hal_usart.o
HAL_USART_RxCpltCallback                          HAL_Driver\Src\stm32f1xx_hal_usart.o
HAL_USART_RxHalfCpltCallback                      HAL_Driver\Src\stm32f1xx_hal_usart.o
HAL_USART_Transmit                                HAL_Driver\Src\stm32f1xx_hal_usart.o
HAL_USART_TransmitReceive                         HAL_Driver\Src\stm32f1xx_hal_usart.o
HAL_USART_TransmitReceive_DMA                     HAL_Driver\Src\stm32f1xx_hal_usart.o
HAL_USART_TransmitReceive_IT                      HAL_Driver\Src\stm32f1xx_hal_usart.o
HAL_USART_Transmit_DMA                            HAL_Driver\Src\stm32f1xx_hal_usart.o
HAL_USART_Transmit_IT                             HAL_Driver\Src\stm32f1xx_hal_usart.o
HAL_USART_TxCpltCallback                          HAL_Driver\Src\stm32f1xx_hal_usart.o
HAL_USART_TxHalfCpltCallback                      HAL_Driver\Src\stm32f1xx_hal_usart.o
HAL_USART_TxRxCpltCallback                        HAL_Driver\Src\stm32f1xx_hal_usart.o
HAL_WWDG_EarlyWakeupCallback                      HAL_Driver\Src\stm32f1xx_hal_wwdg.o
HAL_WWDG_IRQHandler                               HAL_Driver\Src\stm32f1xx_hal_wwdg.o
HAL_WWDG_Init                                     HAL_Driver\Src\stm32f1xx_hal_wwdg.o
HAL_WWDG_MspInit                                  HAL_Driver\Src\stm32f1xx_hal_wwdg.o
HAL_WWDG_Refresh                                  HAL_Driver\Src\stm32f1xx_hal_wwdg.o
HardFault_Handler                                 startup\startup_stm32f103xb.o
I2C1_ER_IRQHandler                                startup\startup_stm32f103xb.o
I2C1_EV_IRQHandler                                startup\startup_stm32f103xb.o
I2C2_ER_IRQHandler                                startup\startup_stm32f103xb.o
I2C2_EV_IRQHandler                                startup\startup_stm32f103xb.o
LL_Init1msTick                                    HAL_Driver\Src\stm32f1xx_ll_utils.o
LL_PLL_ConfigSystemClock_HSE                      HAL_Driver\Src\stm32f1xx_ll_utils.o
LL_PLL_ConfigSystemClock_HSI                      HAL_Driver\Src\stm32f1xx_ll_utils.o
LL_SetSystemCoreClock                             HAL_Driver\Src\stm32f1xx_ll_utils.o
LL_mDelay                                         HAL_Driver\Src\stm32f1xx_ll_utils.o
MemManage_Handler                                 startup\startup_stm32f103xb.o
NMI_Handler                                       startup\startup_stm32f103xb.o
PVD_IRQHandler                                    startup\startup_stm32f103xb.o
PendSV_Handler                                    startup\startup_stm32f103xb.o
RCC_IRQHandler                                    startup\startup_stm32f103xb.o
RTC_Alarm_IRQHandler                              startup\startup_stm32f103xb.o
RTC_IRQHandler                                    startup\startup_stm32f103xb.o
Reset_Handler                                     startup\startup_stm32f103xb.o
SPI1_IRQHandler                                   startup\startup_stm32f103xb.o
SPI2_IRQHandler                                   startup\startup_stm32f103xb.o
SPI_ISCRCErrorValid                               HAL_Driver\Src\stm32f1xx_hal_spi_ex.o
                                                  HAL_Driver\Src\stm32f1xx_hal_spi.o
SVC_Handler                                       startup\startup_stm32f103xb.o
SysTick_Handler                                   src\stm32f1xx_it.o
SystemCoreClock                                   src\system_stm32f1xx.o
                                                  src\main.o
                                                  HAL_Driver\Src\stm32f1xx_ll_utils.o
                                                  HAL_Driver\Src\stm32f1xx_hal_spi.o
                                                  HAL_Driver\Src\stm32f1xx_hal_rcc.o
                                                  HAL_Driver\Src\stm32f1xx_hal_i2c.o
                                                  HAL_Driver\Src\stm32f1xx_hal_adc_ex.o
                                                  HAL_Driver\Src\stm32f1xx_hal_adc.o
                                                  HAL_Driver\Src\stm32f1xx_hal.o
SystemCoreClockUpdate                             src\system_stm32f1xx.o
SystemInit                                        src\system_stm32f1xx.o